Archive member included to satisfy reference by file (symbol)

c:/st/stm32cubeide_1.12.1/stm32cubeide/plugins/com.st.stm32cube.ide.mcu.externaltools.gnu-tools-for-stm32.10.3-2021.10.win32_1.0.200.202301161003/tools/bin/../lib/gcc/arm-none-eabi/10.3.1/../../../../arm-none-eabi/lib/thumb/v7-m/nofp\libc_nano.a(lib_a-errno.o)
                              ./Core/Src/syscalls.o (__errno)
c:/st/stm32cubeide_1.12.1/stm32cubeide/plugins/com.st.stm32cube.ide.mcu.externaltools.gnu-tools-for-stm32.10.3-2021.10.win32_1.0.200.202301161003/tools/bin/../lib/gcc/arm-none-eabi/10.3.1/../../../../arm-none-eabi/lib/thumb/v7-m/nofp\libc_nano.a(lib_a-exit.o)
                              c:/st/stm32cubeide_1.12.1/stm32cubeide/plugins/com.st.stm32cube.ide.mcu.externaltools.gnu-tools-for-stm32.10.3-2021.10.win32_1.0.200.202301161003/tools/bin/../lib/gcc/arm-none-eabi/10.3.1/../../../../arm-none-eabi/lib/thumb/v7-m/nofp/crt0.o (exit)
c:/st/stm32cubeide_1.12.1/stm32cubeide/plugins/com.st.stm32cube.ide.mcu.externaltools.gnu-tools-for-stm32.10.3-2021.10.win32_1.0.200.202301161003/tools/bin/../lib/gcc/arm-none-eabi/10.3.1/../../../../arm-none-eabi/lib/thumb/v7-m/nofp\libc_nano.a(lib_a-impure.o)
                              c:/st/stm32cubeide_1.12.1/stm32cubeide/plugins/com.st.stm32cube.ide.mcu.externaltools.gnu-tools-for-stm32.10.3-2021.10.win32_1.0.200.202301161003/tools/bin/../lib/gcc/arm-none-eabi/10.3.1/../../../../arm-none-eabi/lib/thumb/v7-m/nofp\libc_nano.a(lib_a-exit.o) (_global_impure_ptr)
c:/st/stm32cubeide_1.12.1/stm32cubeide/plugins/com.st.stm32cube.ide.mcu.externaltools.gnu-tools-for-stm32.10.3-2021.10.win32_1.0.200.202301161003/tools/bin/../lib/gcc/arm-none-eabi/10.3.1/../../../../arm-none-eabi/lib/thumb/v7-m/nofp\libc_nano.a(lib_a-init.o)
                              c:/st/stm32cubeide_1.12.1/stm32cubeide/plugins/com.st.stm32cube.ide.mcu.externaltools.gnu-tools-for-stm32.10.3-2021.10.win32_1.0.200.202301161003/tools/bin/../lib/gcc/arm-none-eabi/10.3.1/../../../../arm-none-eabi/lib/thumb/v7-m/nofp/crt0.o (__libc_init_array)
c:/st/stm32cubeide_1.12.1/stm32cubeide/plugins/com.st.stm32cube.ide.mcu.externaltools.gnu-tools-for-stm32.10.3-2021.10.win32_1.0.200.202301161003/tools/bin/../lib/gcc/arm-none-eabi/10.3.1/../../../../arm-none-eabi/lib/thumb/v7-m/nofp\libc_nano.a(lib_a-memcpy-stub.o)
                              ./Drivers/SbW_Protocol/SbW_Protocol.o (memcpy)
c:/st/stm32cubeide_1.12.1/stm32cubeide/plugins/com.st.stm32cube.ide.mcu.externaltools.gnu-tools-for-stm32.10.3-2021.10.win32_1.0.200.202301161003/tools/bin/../lib/gcc/arm-none-eabi/10.3.1/../../../../arm-none-eabi/lib/thumb/v7-m/nofp\libc_nano.a(lib_a-memset.o)
                              c:/st/stm32cubeide_1.12.1/stm32cubeide/plugins/com.st.stm32cube.ide.mcu.externaltools.gnu-tools-for-stm32.10.3-2021.10.win32_1.0.200.202301161003/tools/bin/../lib/gcc/arm-none-eabi/10.3.1/../../../../arm-none-eabi/lib/thumb/v7-m/nofp/crt0.o (memset)

Discarded input sections

 .text          0x0000000000000000        0x0 c:/st/stm32cubeide_1.12.1/stm32cubeide/plugins/com.st.stm32cube.ide.mcu.externaltools.gnu-tools-for-stm32.10.3-2021.10.win32_1.0.200.202301161003/tools/bin/../lib/gcc/arm-none-eabi/10.3.1/thumb/v7-m/nofp/crti.o
 .data          0x0000000000000000        0x0 c:/st/stm32cubeide_1.12.1/stm32cubeide/plugins/com.st.stm32cube.ide.mcu.externaltools.gnu-tools-for-stm32.10.3-2021.10.win32_1.0.200.202301161003/tools/bin/../lib/gcc/arm-none-eabi/10.3.1/thumb/v7-m/nofp/crti.o
 .bss           0x0000000000000000        0x0 c:/st/stm32cubeide_1.12.1/stm32cubeide/plugins/com.st.stm32cube.ide.mcu.externaltools.gnu-tools-for-stm32.10.3-2021.10.win32_1.0.200.202301161003/tools/bin/../lib/gcc/arm-none-eabi/10.3.1/thumb/v7-m/nofp/crti.o
 .data          0x0000000000000000        0x4 c:/st/stm32cubeide_1.12.1/stm32cubeide/plugins/com.st.stm32cube.ide.mcu.externaltools.gnu-tools-for-stm32.10.3-2021.10.win32_1.0.200.202301161003/tools/bin/../lib/gcc/arm-none-eabi/10.3.1/thumb/v7-m/nofp/crtbegin.o
 .rodata        0x0000000000000000       0x24 c:/st/stm32cubeide_1.12.1/stm32cubeide/plugins/com.st.stm32cube.ide.mcu.externaltools.gnu-tools-for-stm32.10.3-2021.10.win32_1.0.200.202301161003/tools/bin/../lib/gcc/arm-none-eabi/10.3.1/thumb/v7-m/nofp/crtbegin.o
 .text          0x0000000000000000       0x7c c:/st/stm32cubeide_1.12.1/stm32cubeide/plugins/com.st.stm32cube.ide.mcu.externaltools.gnu-tools-for-stm32.10.3-2021.10.win32_1.0.200.202301161003/tools/bin/../lib/gcc/arm-none-eabi/10.3.1/../../../../arm-none-eabi/lib/thumb/v7-m/nofp/crt0.o
 .data          0x0000000000000000        0x0 c:/st/stm32cubeide_1.12.1/stm32cubeide/plugins/com.st.stm32cube.ide.mcu.externaltools.gnu-tools-for-stm32.10.3-2021.10.win32_1.0.200.202301161003/tools/bin/../lib/gcc/arm-none-eabi/10.3.1/../../../../arm-none-eabi/lib/thumb/v7-m/nofp/crt0.o
[...]
Memory Configuration

Name             Origin             Length             Attributes
RAM              0x0000000020000000 0x0000000000005000 xrw
FLASH            0x0000000008000000 0x0000000000010000 xr
*default*        0x0000000000000000 0xffffffffffffffff

Linker script and memory map

LOAD c:/st/stm32cubeide_1.12.1/stm32cubeide/plugins/com.st.stm32cube.ide.mcu.externaltools.gnu-tools-for-stm32.10.3-2021.10.win32_1.0.200.202301161003/tools/bin/../lib/gcc/arm-none-eabi/10.3.1/thumb/v7-m/nofp/crti.o
LOAD c:/st/stm32cubeide_1.12.1/stm32cubeide/plugins/com.st.stm32cube.ide.mcu.externaltools.gnu-tools-for-stm32.10.3-2021.10.win32_1.0.200.202301161003/tools/bin/../lib/gcc/arm-none-eabi/10.3.1/thumb/v7-m/nofp/crtbegin.o
LOAD c:/st/stm32cubeide_1.12.1/stm32cubeide/plugins/com.st.stm32cube.ide.mcu.externaltools.gnu-tools-for-stm32.10.3-2021.10.win32_1.0.200.202301161003/tools/bin/../lib/gcc/arm-none-eabi/10.3.1/../../../../arm-none-eabi/lib/thumb/v7-m/nofp/crt0.o
LOAD ./Core/Hardware_Interface/Hardware_Interface.o
LOAD ./Core/Src/main.o
LOAD ./Core/Src/stm32f1xx_hal_msp.o
LOAD ./Core/Src/stm32f1xx_it.o
LOAD ./Core/Src/syscalls.o
LOAD ./Core/Src/sysmem.o
LOAD ./Core/Src/system_stm32f1xx.o
LOAD ./Core/Startup/startup_stm32f103c8tx.o
LOAD ./Drivers/FIFO/FIFO.o
LOAD ./Drivers/STM32F1xx_HAL_Driver/Src/stm32f1xx_hal.o
LOAD ./Drivers/STM32F1xx_HAL_Driver/Src/stm32f1xx_hal_cortex.o
LOAD ./Drivers/STM32F1xx_HAL_Driver/Src/stm32f1xx_hal_dma.o
LOAD ./Drivers/STM32F1xx_HAL_Driver/Src/stm32f1xx_hal_exti.o
LOAD ./Drivers/STM32F1xx_HAL_Driver/Src/stm32f1xx_hal_flash.o
LOAD ./Drivers/STM32F1xx_HAL_Driver/Src/stm32f1xx_hal_flash_ex.o
LOAD ./Drivers/STM32F1xx_HAL_Driver/Src/stm32f1xx_hal_gpio.o
LOAD ./Drivers/STM32F1xx_HAL_Driver/Src/stm32f1xx_hal_gpio_ex.o
LOAD ./Drivers/STM32F1xx_HAL_Driver/Src/stm32f1xx_hal_pcd.o
LOAD ./Drivers/STM32F1xx_HAL_Driver/Src/stm32f1xx_hal_pcd_ex.o
LOAD ./Drivers/STM32F1xx_HAL_Driver/Src/stm32f1xx_hal_pwr.o
LOAD ./Drivers/STM32F1xx_HAL_Driver/Src/stm32f1xx_hal_rcc.o
LOAD ./Drivers/STM32F1xx_HAL_Driver/Src/stm32f1xx_hal_rcc_ex.o
LOAD ./Drivers/STM32F1xx_HAL_Driver/Src/stm32f1xx_hal_tim.o
LOAD ./Drivers/STM32F1xx_HAL_Driver/Src/stm32f1xx_hal_tim_ex.o
LOAD ./Drivers/STM32F1xx_HAL_Driver/Src/stm32f1xx_hal_uart.o
LOAD ./Drivers/STM32F1xx_HAL_Driver/Src/stm32f1xx_ll_usb.o
LOAD ./Drivers/SbW_Protocol/SbW_Protocol.o
LOAD ./Middlewares/ST/STM32_USB_Device_Library/Class/CDC/Src/usbd_cdc.o
LOAD ./Middlewares/ST/STM32_USB_Device_Library/Core/Src/usbd_core.o
LOAD ./Middlewares/ST/STM32_USB_Device_Library/Core/Src/usbd_ctlreq.o
LOAD ./Middlewares/ST/STM32_USB_Device_Library/Core/Src/usbd_ioreq.o
LOAD ./USB_DEVICE/App/usb_device.o
LOAD ./USB_DEVICE/App/usbd_cdc_if.o
LOAD ./USB_DEVICE/App/usbd_desc.o
LOAD ./USB_DEVICE/Target/usbd_conf.o
START GROUP
LOAD c:/st/stm32cubeide_1.12.1/stm32cubeide/plugins/com.st.stm32cube.ide.mcu.externaltools.gnu-tools-for-stm32.10.3-2021.10.win32_1.0.200.202301161003/tools/bin/../lib/gcc/arm-none-eabi/10.3.1/../../../../arm-none-eabi/lib/thumb/v7-m/nofp\libc_nano.a
LOAD c:/st/stm32cubeide_1.12.1/stm32cubeide/plugins/com.st.stm32cube.ide.mcu.externaltools.gnu-tools-for-stm32.10.3-2021.10.win32_1.0.200.202301161003/tools/bin/../lib/gcc/arm-none-eabi/10.3.1/../../../../arm-none-eabi/lib/thumb/v7-m/nofp\libm.a
END GROUP
START GROUP
LOAD c:/st/stm32cubeide_1.12.1/stm32cubeide/plugins/com.st.stm32cube.ide.mcu.externaltools.gnu-tools-for-stm32.10.3-2021.10.win32_1.0.200.202301161003/tools/bin/../lib/gcc/arm-none-eabi/10.3.1/thumb/v7-m/nofp\libgcc.a
LOAD c:/st/stm32cubeide_1.12.1/stm32cubeide/plugins/com.st.stm32cube.ide.mcu.externaltools.gnu-tools-for-stm32.10.3-2021.10.win32_1.0.200.202301161003/tools/bin/../lib/gcc/arm-none-eabi/10.3.1/../../../../arm-none-eabi/lib/thumb/v7-m/nofp\libc_nano.a
END GROUP
START GROUP
LOAD c:/st/stm32cubeide_1.12.1/stm32cubeide/plugins/com.st.stm32cube.ide.mcu.externaltools.gnu-tools-for-stm32.10.3-2021.10.win32_1.0.200.202301161003/tools/bin/../lib/gcc/arm-none-eabi/10.3.1/thumb/v7-m/nofp\libgcc.a
LOAD c:/st/stm32cubeide_1.12.1/stm32cubeide/plugins/com.st.stm32cube.ide.mcu.externaltools.gnu-tools-for-stm32.10.3-2021.10.win32_1.0.200.202301161003/tools/bin/../lib/gcc/arm-none-eabi/10.3.1/../../../../arm-none-eabi/lib/thumb/v7-m/nofp\libc_nano.a
LOAD c:/st/stm32cubeide_1.12.1/stm32cubeide/plugins/com.st.stm32cube.ide.mcu.externaltools.gnu-tools-for-stm32.10.3-2021.10.win32_1.0.200.202301161003/tools/bin/../lib/gcc/arm-none-eabi/10.3.1/../../../../arm-none-eabi/lib/thumb/v7-m/nofp\libnosys.a
END GROUP
START GROUP
LOAD c:/st/stm32cubeide_1.12.1/stm32cubeide/plugins/com.st.stm32cube.ide.mcu.externaltools.gnu-tools-for-stm32.10.3-2021.10.win32_1.0.200.202301161003/tools/bin/../lib/gcc/arm-none-eabi/10.3.1/thumb/v7-m/nofp\libgcc.a
LOAD c:/st/stm32cubeide_1.12.1/stm32cubeide/plugins/com.st.stm32cube.ide.mcu.externaltools.gnu-tools-for-stm32.10.3-2021.10.win32_1.0.200.202301161003/tools/bin/../lib/gcc/arm-none-eabi/10.3.1/../../../../arm-none-eabi/lib/thumb/v7-m/nofp\libc_nano.a
LOAD c:/st/stm32cubeide_1.12.1/stm32cubeide/plugins/com.st.stm32cube.ide.mcu.externaltools.gnu-tools-for-stm32.10.3-2021.10.win32_1.0.200.202301161003/tools/bin/../lib/gcc/arm-none-eabi/10.3.1/../../../../arm-none-eabi/lib/thumb/v7-m/nofp\libnosys.a
END GROUP
LOAD c:/st/stm32cubeide_1.12.1/stm32cubeide/plugins/com.st.stm32cube.ide.mcu.externaltools.gnu-tools-for-stm32.10.3-2021.10.win32_1.0.200.202301161003/tools/bin/../lib/gcc/arm-none-eabi/10.3.1/thumb/v7-m/nofp/crtend.o
LOAD c:/st/stm32cubeide_1.12.1/stm32cubeide/plugins/com.st.stm32cube.ide.mcu.externaltools.gnu-tools-for-stm32.10.3-2021.10.win32_1.0.200.202301161003/tools/bin/../lib/gcc/arm-none-eabi/10.3.1/thumb/v7-m/nofp/crtn.o
                0x0000000020005000                _estack = (ORIGIN (RAM) + LENGTH (RAM))
                0x0000000000000200                _Min_Heap_Size = 0x200
                0x0000000000000400                _Min_Stack_Size = 0x400

.isr_vector     0x0000000008000000      0x10c
                0x0000000008000000                . = ALIGN (0x4)
 *(.isr_vector)
 .isr_vector    0x0000000008000000      0x10c ./Core/Startup/startup_stm32f103c8tx.o
                0x0000000008000000                g_pfnVectors
                0x000000000800010c                . = ALIGN (0x4)

.text           0x000000000800010c     0x99f0
                0x000000000800010c                . = ALIGN (0x4)
 *(.text)
 .text          0x000000000800010c       0x40 c:/st/stm32cubeide_1.12.1/stm32cubeide/plugins/com.st.stm32cube.ide.mcu.externaltools.gnu-tools-for-stm32.10.3-2021.10.win32_1.0.200.202301161003/tools/bin/../lib/gcc/arm-none-eabi/10.3.1/thumb/v7-m/nofp/crtbegin.o
 *(.text*)
 .text.SbW_Protocol_Reply
                0x000000000800014c       0x24 ./Core/Hardware_Interface/Hardware_Interface.o
                0x000000000800014c                SbW_Protocol_Reply
 .text.HAL_UARTEx_RxEventCallback
                0x0000000008000170       0x34 ./Core/Hardware_Interface/Hardware_Interface.o
                0x0000000008000170                HAL_UARTEx_RxEventCallback
 .text.App_User_Callback
                0x00000000080001a4       0x14 ./Core/Hardware_Interface/Hardware_Interface.o
                0x00000000080001a4                App_User_Callback
 .text.HAL_TIM_PeriodElapsedCallback
                0x00000000080001b8       0x2c ./Core/Hardware_Interface/Hardware_Interface.o
                0x00000000080001b8                HAL_TIM_PeriodElapsedCallback
 .text.HAL_UART_TxCpltCallback
                0x00000000080001e4       0x1c ./Core/Hardware_Interface/Hardware_Interface.o
                0x00000000080001e4                HAL_UART_TxCpltCallback
 .text.main     0x0000000008000200       0x4c ./Core/Src/main.o
                0x0000000008000200                main
 .text.SystemClock_Config
                0x000000000800024c       0xb4 ./Core/Src/main.o
                0x000000000800024c                SystemClock_Config
 .text.MX_TIM1_Init
                0x0000000008000300       0xa0 ./Core/Src/main.o
 .text.MX_USART1_UART_Init
                0x00000000080003a0       0x54 ./Core/Src/main.o
 .text.MX_DMA_Init
                0x00000000080003f4       0x4c ./Core/Src/main.o
 .text.MX_GPIO_Init
                0x0000000008000440       0x44 ./Core/Src/main.o
 .text.Error_Handler
                0x0000000008000484        0xa ./Core/Src/main.o
                0x0000000008000484                Error_Handler
 *fill*         0x000000000800048e        0x2 
 .text.HAL_MspInit
                0x0000000008000490       0x64 ./Core/Src/stm32f1xx_hal_msp.o
                0x0000000008000490                HAL_MspInit
 .text.HAL_TIM_Base_MspInit
                0x00000000080004f4       0x4c ./Core/Src/stm32f1xx_hal_msp.o
                0x00000000080004f4                HAL_TIM_Base_MspInit
 .text.HAL_UART_MspInit
                0x0000000008000540      0x154 ./Core/Src/stm32f1xx_hal_msp.o
                0x0000000008000540                HAL_UART_MspInit
 .text.NMI_Handler
                0x0000000008000694        0x6 ./Core/Src/stm32f1xx_it.o
                0x0000000008000694                NMI_Handler
 .text.HardFault_Handler
                0x000000000800069a        0x6 ./Core/Src/stm32f1xx_it.o
                0x000000000800069a                HardFault_Handler
 .text.MemManage_Handler
                0x00000000080006a0        0x6 ./Core/Src/stm32f1xx_it.o
                0x00000000080006a0                MemManage_Handler
 .text.BusFault_Handler
                0x00000000080006a6        0x6 ./Core/Src/stm32f1xx_it.o
                0x00000000080006a6                BusFault_Handler
 .text.UsageFault_Handler
                0x00000000080006ac        0x6 ./Core/Src/stm32f1xx_it.o
                0x00000000080006ac                UsageFault_Handler
 .text.SVC_Handler
                0x00000000080006b2        0xc ./Core/Src/stm32f1xx_it.o
                0x00000000080006b2                SVC_Handler
 .text.DebugMon_Handler
                0x00000000080006be        0xc ./Core/Src/stm32f1xx_it.o
                0x00000000080006be                DebugMon_Handler
 .text.PendSV_Handler
                0x00000000080006ca        0xc ./Core/Src/stm32f1xx_it.o
                0x00000000080006ca                PendSV_Handler
 .text.SysTick_Handler
                0x00000000080006d6        0xc ./Core/Src/stm32f1xx_it.o
                0x00000000080006d6                SysTick_Handler
 *fill*         0x00000000080006e2        0x2 
 .text.DMA1_Channel4_IRQHandler
                0x00000000080006e4       0x14 ./Core/Src/stm32f1xx_it.o
                0x00000000080006e4                DMA1_Channel4_IRQHandler
 .text.DMA1_Channel5_IRQHandler
                0x00000000080006f8       0x14 ./Core/Src/stm32f1xx_it.o
                0x00000000080006f8                DMA1_Channel5_IRQHandler
 .text.USB_HP_CAN1_TX_IRQHandler
                0x000000000800070c       0x14 ./Core/Src/stm32f1xx_it.o
                0x000000000800070c                USB_HP_CAN1_TX_IRQHandler
 .text.USB_LP_CAN1_RX0_IRQHandler
                0x0000000008000720       0x14 ./Core/Src/stm32f1xx_it.o
                0x0000000008000720                USB_LP_CAN1_RX0_IRQHandler
 .text.TIM1_UP_IRQHandler
                0x0000000008000734       0x14 ./Core/Src/stm32f1xx_it.o
                0x0000000008000734                TIM1_UP_IRQHandler
 .text.USART1_IRQHandler
                0x0000000008000748       0x14 ./Core/Src/stm32f1xx_it.o
                0x0000000008000748                USART1_IRQHandler
 .text.SystemInit
                0x000000000800075c        0xc ./Core/Src/system_stm32f1xx.o
                0x000000000800075c                SystemInit
 .text.Reset_Handler
                0x0000000008000768       0x48 ./Core/Startup/startup_stm32f103c8tx.o
                0x0000000008000768                Reset_Handler
 .text.Default_Handler
                0x00000000080007b0        0x2 ./Core/Startup/startup_stm32f103c8tx.o
                0x00000000080007b0                RTC_Alarm_IRQHandler
                0x00000000080007b0                EXTI2_IRQHandler
                0x00000000080007b0                TIM1_CC_IRQHandler
                0x00000000080007b0                PVD_IRQHandler
                0x00000000080007b0                EXTI3_IRQHandler
                0x00000000080007b0                EXTI0_IRQHandler
                0x00000000080007b0                I2C2_EV_IRQHandler
                0x00000000080007b0                ADC1_2_IRQHandler
                0x00000000080007b0                SPI1_IRQHandler
                0x00000000080007b0                TAMPER_IRQHandler
                0x00000000080007b0                USART3_IRQHandler
                0x00000000080007b0                RTC_IRQHandler
                0x00000000080007b0                DMA1_Channel7_IRQHandler
                0x00000000080007b0                CAN1_RX1_IRQHandler
                0x00000000080007b0                TIM4_IRQHandler
                0x00000000080007b0                I2C1_EV_IRQHandler
                0x00000000080007b0                DMA1_Channel6_IRQHandler
                0x00000000080007b0                TIM3_IRQHandler
                0x00000000080007b0                RCC_IRQHandler
                0x00000000080007b0                TIM1_TRG_COM_IRQHandler
                0x00000000080007b0                DMA1_Channel1_IRQHandler
                0x00000000080007b0                Default_Handler
                0x00000000080007b0                EXTI15_10_IRQHandler
                0x00000000080007b0                EXTI9_5_IRQHandler
                0x00000000080007b0                SPI2_IRQHandler
                0x00000000080007b0                EXTI4_IRQHandler
                0x00000000080007b0                DMA1_Channel3_IRQHandler
                0x00000000080007b0                WWDG_IRQHandler
                0x00000000080007b0                TIM2_IRQHandler
                0x00000000080007b0                TIM1_BRK_IRQHandler
                0x00000000080007b0                EXTI1_IRQHandler
                0x00000000080007b0                USART2_IRQHandler
                0x00000000080007b0                I2C2_ER_IRQHandler
                0x00000000080007b0                DMA1_Channel2_IRQHandler
                0x00000000080007b0                CAN1_SCE_IRQHandler
                0x00000000080007b0                FLASH_IRQHandler
                0x00000000080007b0                I2C1_ER_IRQHandler
                0x00000000080007b0                USBWakeUp_IRQHandler
 .text.fifo_init
                0x00000000080007b2       0x3a ./Drivers/FIFO/FIFO.o
                0x00000000080007b2                fifo_init
 .text.fifo_is_empty
                0x00000000080007ec       0x22 ./Drivers/FIFO/FIFO.o
                0x00000000080007ec                fifo_is_empty
 .text.fifo_enqueue
                0x000000000800080e       0x74 ./Drivers/FIFO/FIFO.o
                0x000000000800080e                fifo_enqueue
 .text.fifo_dequeue
                0x0000000008000882       0x5e ./Drivers/FIFO/FIFO.o
                0x0000000008000882                fifo_dequeue
 .text.HAL_Init
                0x00000000080008e0       0x2c ./Drivers/STM32F1xx_HAL_Driver/Src/stm32f1xx_hal.o
                0x00000000080008e0                HAL_Init
 .text.HAL_InitTick
                0x000000000800090c       0x60 ./Drivers/STM32F1xx_HAL_Driver/Src/stm32f1xx_hal.o
                0x000000000800090c                HAL_InitTick
 .text.HAL_IncTick
                0x000000000800096c       0x24 ./Drivers/STM32F1xx_HAL_Driver/Src/stm32f1xx_hal.o
                0x000000000800096c                HAL_IncTick
 .text.HAL_GetTick
                0x0000000008000990       0x14 ./Drivers/STM32F1xx_HAL_Driver/Src/stm32f1xx_hal.o
                0x0000000008000990                HAL_GetTick
 .text.__NVIC_SetPriorityGrouping
                0x00000000080009a4       0x48 ./Drivers/STM32F1xx_HAL_Driver/Src/stm32f1xx_hal_cortex.o
 .text.__NVIC_GetPriorityGrouping
                0x00000000080009ec       0x1c ./Drivers/STM32F1xx_HAL_Driver/Src/stm32f1xx_hal_cortex.o
 .text.__NVIC_EnableIRQ
                0x0000000008000a08       0x38 ./Drivers/STM32F1xx_HAL_Driver/Src/stm32f1xx_hal_cortex.o
 .text.__NVIC_SetPriority
                0x0000000008000a40       0x54 ./Drivers/STM32F1xx_HAL_Driver/Src/stm32f1xx_hal_cortex.o
 .text.NVIC_EncodePriority
                0x0000000008000a94       0x64 ./Drivers/STM32F1xx_HAL_Driver/Src/stm32f1xx_hal_cortex.o
 .text.SysTick_Config
                0x0000000008000af8       0x44 ./Drivers/STM32F1xx_HAL_Driver/Src/stm32f1xx_hal_cortex.o
 .text.HAL_NVIC_SetPriorityGrouping
                0x0000000008000b3c       0x16 ./Drivers/STM32F1xx_HAL_Driver/Src/stm32f1xx_hal_cortex.o
                0x0000000008000b3c                HAL_NVIC_SetPriorityGrouping
 .text.HAL_NVIC_SetPriority
                0x0000000008000b52       0x38 ./Drivers/STM32F1xx_HAL_Driver/Src/stm32f1xx_hal_cortex.o
                0x0000000008000b52                HAL_NVIC_SetPriority
 .text.HAL_NVIC_EnableIRQ
                0x0000000008000b8a       0x1c ./Drivers/STM32F1xx_HAL_Driver/Src/stm32f1xx_hal_cortex.o
                0x0000000008000b8a                HAL_NVIC_EnableIRQ
 .text.HAL_SYSTICK_Config
                0x0000000008000ba6       0x18 ./Drivers/STM32F1xx_HAL_Driver/Src/stm32f1xx_hal_cortex.o
                0x0000000008000ba6                HAL_SYSTICK_Config
 *fill*         0x0000000008000bbe        0x2 
 .text.HAL_DMA_Init
                0x0000000008000bc0       0xb4 ./Drivers/STM32F1xx_HAL_Driver/Src/stm32f1xx_hal_dma.o
                0x0000000008000bc0                HAL_DMA_Init
 .text.HAL_DMA_Start_IT
                0x0000000008000c74       0xc0 ./Drivers/STM32F1xx_HAL_Driver/Src/stm32f1xx_hal_dma.o
                0x0000000008000c74                HAL_DMA_Start_IT
 .text.HAL_DMA_Abort
                0x0000000008000d34       0x76 ./Drivers/STM32F1xx_HAL_Driver/Src/stm32f1xx_hal_dma.o
                0x0000000008000d34                HAL_DMA_Abort
 *fill*         0x0000000008000daa        0x2 
 .text.HAL_DMA_Abort_IT
                0x0000000008000dac       0xf0 ./Drivers/STM32F1xx_HAL_Driver/Src/stm32f1xx_hal_dma.o
                0x0000000008000dac                HAL_DMA_Abort_IT
 .text.HAL_DMA_IRQHandler
                0x0000000008000e9c      0x20c ./Drivers/STM32F1xx_HAL_Driver/Src/stm32f1xx_hal_dma.o
                0x0000000008000e9c                HAL_DMA_IRQHandler
 .text.DMA_SetConfig
                0x00000000080010a8       0x5a ./Drivers/STM32F1xx_HAL_Driver/Src/stm32f1xx_hal_dma.o
 *fill*         0x0000000008001102        0x2 
 .text.HAL_GPIO_Init
                0x0000000008001104      0x308 ./Drivers/STM32F1xx_HAL_Driver/Src/stm32f1xx_hal_gpio.o
                0x0000000008001104                HAL_GPIO_Init
 .text.HAL_PCD_Init
                0x000000000800140c      0x1ec ./Drivers/STM32F1xx_HAL_Driver/Src/stm32f1xx_hal_pcd.o
                0x000000000800140c                HAL_PCD_Init
 .text.HAL_PCD_Start
                0x00000000080015f8       0x4c ./Drivers/STM32F1xx_HAL_Driver/Src/stm32f1xx_hal_pcd.o
                0x00000000080015f8                HAL_PCD_Start
 .text.HAL_PCD_IRQHandler
                0x0000000008001644      0x260 ./Drivers/STM32F1xx_HAL_Driver/Src/stm32f1xx_hal_pcd.o
                0x0000000008001644                HAL_PCD_IRQHandler
 .text.HAL_PCD_SetAddress
                0x00000000080018a4       0x48 ./Drivers/STM32F1xx_HAL_Driver/Src/stm32f1xx_hal_pcd.o
                0x00000000080018a4                HAL_PCD_SetAddress
 .text.HAL_PCD_EP_Open
                0x00000000080018ec       0xba ./Drivers/STM32F1xx_HAL_Driver/Src/stm32f1xx_hal_pcd.o
                0x00000000080018ec                HAL_PCD_EP_Open
 .text.HAL_PCD_EP_Close
                0x00000000080019a6       0x90 ./Drivers/STM32F1xx_HAL_Driver/Src/stm32f1xx_hal_pcd.o
                0x00000000080019a6                HAL_PCD_EP_Close
 .text.HAL_PCD_EP_Receive
                0x0000000008001a36       0x62 ./Drivers/STM32F1xx_HAL_Driver/Src/stm32f1xx_hal_pcd.o
                0x0000000008001a36                HAL_PCD_EP_Receive
 .text.HAL_PCD_EP_GetRxCount
                0x0000000008001a98       0x2e ./Drivers/STM32F1xx_HAL_Driver/Src/stm32f1xx_hal_pcd.o
                0x0000000008001a98                HAL_PCD_EP_GetRxCount
 .text.HAL_PCD_EP_Transmit
                0x0000000008001ac6       0x6e ./Drivers/STM32F1xx_HAL_Driver/Src/stm32f1xx_hal_pcd.o
                0x0000000008001ac6                HAL_PCD_EP_Transmit
 .text.HAL_PCD_EP_SetStall
                0x0000000008001b34       0xc0 ./Drivers/STM32F1xx_HAL_Driver/Src/stm32f1xx_hal_pcd.o
                0x0000000008001b34                HAL_PCD_EP_SetStall
 .text.HAL_PCD_EP_ClrStall
                0x0000000008001bf4       0xa8 ./Drivers/STM32F1xx_HAL_Driver/Src/stm32f1xx_hal_pcd.o
                0x0000000008001bf4                HAL_PCD_EP_ClrStall
 .text.PCD_EP_ISR_Handler
                0x0000000008001c9c      0x7a0 ./Drivers/STM32F1xx_HAL_Driver/Src/stm32f1xx_hal_pcd.o
 .text.HAL_PCD_EP_DB_Receive
                0x000000000800243c      0x21a ./Drivers/STM32F1xx_HAL_Driver/Src/stm32f1xx_hal_pcd.o
 .text.HAL_PCD_EP_DB_Transmit
                0x0000000008002656      0x7f4 ./Drivers/STM32F1xx_HAL_Driver/Src/stm32f1xx_hal_pcd.o
 .text.HAL_PCDEx_PMAConfig
                0x0000000008002e4a       0x84 ./Drivers/STM32F1xx_HAL_Driver/Src/stm32f1xx_hal_pcd_ex.o
                0x0000000008002e4a                HAL_PCDEx_PMAConfig
 *fill*         0x0000000008002ece        0x2 
 .text.HAL_RCC_OscConfig
                0x0000000008002ed0      0x504 ./Drivers/STM32F1xx_HAL_Driver/Src/stm32f1xx_hal_rcc.o
                0x0000000008002ed0                HAL_RCC_OscConfig
 .text.HAL_RCC_ClockConfig
                0x00000000080033d4      0x1d4 ./Drivers/STM32F1xx_HAL_Driver/Src/stm32f1xx_hal_rcc.o
                0x00000000080033d4                HAL_RCC_ClockConfig
 .text.HAL_RCC_GetSysClockFreq
                0x00000000080035a8       0xa8 ./Drivers/STM32F1xx_HAL_Driver/Src/stm32f1xx_hal_rcc.o
                0x00000000080035a8                HAL_RCC_GetSysClockFreq
 .text.HAL_RCC_GetHCLKFreq
                0x0000000008003650       0x14 ./Drivers/STM32F1xx_HAL_Driver/Src/stm32f1xx_hal_rcc.o
                0x0000000008003650                HAL_RCC_GetHCLKFreq
 .text.HAL_RCC_GetPCLK1Freq
                0x0000000008003664       0x28 ./Drivers/STM32F1xx_HAL_Driver/Src/stm32f1xx_hal_rcc.o
                0x0000000008003664                HAL_RCC_GetPCLK1Freq
 .text.HAL_RCC_GetPCLK2Freq
                0x000000000800368c       0x28 ./Drivers/STM32F1xx_HAL_Driver/Src/stm32f1xx_hal_rcc.o
                0x000000000800368c                HAL_RCC_GetPCLK2Freq
 .text.RCC_Delay
                0x00000000080036b4       0x3c ./Drivers/STM32F1xx_HAL_Driver/Src/stm32f1xx_hal_rcc.o
 .text.HAL_RCCEx_PeriphCLKConfig
                0x00000000080036f0      0x16c ./Drivers/STM32F1xx_HAL_Driver/Src/stm32f1xx_hal_rcc_ex.o
                0x00000000080036f0                HAL_RCCEx_PeriphCLKConfig
 .text.HAL_TIM_Base_Init
                0x000000000800385c       0x9e ./Drivers/STM32F1xx_HAL_Driver/Src/stm32f1xx_hal_tim.o
                0x000000000800385c                HAL_TIM_Base_Init
 *fill*         0x00000000080038fa        0x2 
 .text.HAL_TIM_Base_Start_IT
                0x00000000080038fc       0xa4 ./Drivers/STM32F1xx_HAL_Driver/Src/stm32f1xx_hal_tim.o
                0x00000000080038fc                HAL_TIM_Base_Start_IT
 .text.HAL_TIM_IRQHandler
                0x00000000080039a0      0x1e0 ./Drivers/STM32F1xx_HAL_Driver/Src/stm32f1xx_hal_tim.o
                0x00000000080039a0                HAL_TIM_IRQHandler
 .text.HAL_TIM_ConfigClockSource
                0x0000000008003b80      0x18e ./Drivers/STM32F1xx_HAL_Driver/Src/stm32f1xx_hal_tim.o
                0x0000000008003b80                HAL_TIM_ConfigClockSource
 .text.HAL_TIM_OC_DelayElapsedCallback
                0x0000000008003d0e       0x12 ./Drivers/STM32F1xx_HAL_Driver/Src/stm32f1xx_hal_tim.o
                0x0000000008003d0e                HAL_TIM_OC_DelayElapsedCallback
 .text.HAL_TIM_IC_CaptureCallback
                0x0000000008003d20       0x12 ./Drivers/STM32F1xx_HAL_Driver/Src/stm32f1xx_hal_tim.o
                0x0000000008003d20                HAL_TIM_IC_CaptureCallback
 .text.HAL_TIM_PWM_PulseFinishedCallback
                0x0000000008003d32       0x12 ./Drivers/STM32F1xx_HAL_Driver/Src/stm32f1xx_hal_tim.o
                0x0000000008003d32                HAL_TIM_PWM_PulseFinishedCallback
 .text.HAL_TIM_TriggerCallback
                0x0000000008003d44       0x12 ./Drivers/STM32F1xx_HAL_Driver/Src/stm32f1xx_hal_tim.o
                0x0000000008003d44                HAL_TIM_TriggerCallback
 *fill*         0x0000000008003d56        0x2 
 .text.TIM_Base_SetConfig
                0x0000000008003d58       0xdc ./Drivers/STM32F1xx_HAL_Driver/Src/stm32f1xx_hal_tim.o
                0x0000000008003d58                TIM_Base_SetConfig
 .text.TIM_TI1_ConfigInputStage
                0x0000000008003e34       0x5c ./Drivers/STM32F1xx_HAL_Driver/Src/stm32f1xx_hal_tim.o
 .text.TIM_TI2_ConfigInputStage
                0x0000000008003e90       0x5e ./Drivers/STM32F1xx_HAL_Driver/Src/stm32f1xx_hal_tim.o
 .text.TIM_ITRx_SetConfig
                0x0000000008003eee       0x34 ./Drivers/STM32F1xx_HAL_Driver/Src/stm32f1xx_hal_tim.o
 .text.TIM_ETR_SetConfig
                0x0000000008003f22       0x3e ./Drivers/STM32F1xx_HAL_Driver/Src/stm32f1xx_hal_tim.o
                0x0000000008003f22                TIM_ETR_SetConfig
 .text.HAL_TIMEx_MasterConfigSynchronization
                0x0000000008003f60       0xbc ./Drivers/STM32F1xx_HAL_Driver/Src/stm32f1xx_hal_tim_ex.o
                0x0000000008003f60                HAL_TIMEx_MasterConfigSynchronization
 .text.HAL_TIMEx_CommutCallback
                0x000000000800401c       0x12 ./Drivers/STM32F1xx_HAL_Driver/Src/stm32f1xx_hal_tim_ex.o
                0x000000000800401c                HAL_TIMEx_CommutCallback
 .text.HAL_TIMEx_BreakCallback
                0x000000000800402e       0x12 ./Drivers/STM32F1xx_HAL_Driver/Src/stm32f1xx_hal_tim_ex.o
                0x000000000800402e                HAL_TIMEx_BreakCallback
 .text.HAL_UART_Init
                0x0000000008004040       0xa0 ./Drivers/STM32F1xx_HAL_Driver/Src/stm32f1xx_hal_uart.o
                0x0000000008004040                HAL_UART_Init
 .text.HAL_UART_Transmit_DMA
                0x00000000080040e0       0xe0 ./Drivers/STM32F1xx_HAL_Driver/Src/stm32f1xx_hal_uart.o
                0x00000000080040e0                HAL_UART_Transmit_DMA
 .text.HAL_UARTEx_ReceiveToIdle_DMA
                0x00000000080041c0       0xb2 ./Drivers/STM32F1xx_HAL_Driver/Src/stm32f1xx_hal_uart.o
                0x00000000080041c0                HAL_UARTEx_ReceiveToIdle_DMA
 *fill*         0x0000000008004272        0x2 
 .text.HAL_UART_IRQHandler
                0x0000000008004274      0x524 ./Drivers/STM32F1xx_HAL_Driver/Src/stm32f1xx_hal_uart.o
                0x0000000008004274                HAL_UART_IRQHandler
 .text.HAL_UART_TxHalfCpltCallback
                0x0000000008004798       0x12 ./Drivers/STM32F1xx_HAL_Driver/Src/stm32f1xx_hal_uart.o
                0x0000000008004798                HAL_UART_TxHalfCpltCallback
 .text.HAL_UART_RxCpltCallback
                0x00000000080047aa       0x12 ./Drivers/STM32F1xx_HAL_Driver/Src/stm32f1xx_hal_uart.o
                0x00000000080047aa                HAL_UART_RxCpltCallback
 .text.HAL_UART_RxHalfCpltCallback
                0x00000000080047bc       0x12 ./Drivers/STM32F1xx_HAL_Driver/Src/stm32f1xx_hal_uart.o
                0x00000000080047bc                HAL_UART_RxHalfCpltCallback
 .text.HAL_UART_ErrorCallback
                0x00000000080047ce       0x12 ./Drivers/STM32F1xx_HAL_Driver/Src/stm32f1xx_hal_uart.o
                0x00000000080047ce                HAL_UART_ErrorCallback
 .text.UART_DMATransmitCplt
                0x00000000080047e0       0x9a ./Drivers/STM32F1xx_HAL_Driver/Src/stm32f1xx_hal_uart.o
 .text.UART_DMATxHalfCplt
                0x000000000800487a       0x1c ./Drivers/STM32F1xx_HAL_Driver/Src/stm32f1xx_hal_uart.o
 .text.UART_DMAReceiveCplt
                0x0000000008004896      0x12c ./Drivers/STM32F1xx_HAL_Driver/Src/stm32f1xx_hal_uart.o
 .text.UART_DMARxHalfCplt
                0x00000000080049c2       0x3c ./Drivers/STM32F1xx_HAL_Driver/Src/stm32f1xx_hal_uart.o
 .text.UART_DMAError
                0x00000000080049fe       0x94 ./Drivers/STM32F1xx_HAL_Driver/Src/stm32f1xx_hal_uart.o
 *fill*         0x0000000008004a92        0x2 
 .text.UART_Start_Receive_DMA
                0x0000000008004a94      0x134 ./Drivers/STM32F1xx_HAL_Driver/Src/stm32f1xx_hal_uart.o
                0x0000000008004a94                UART_Start_Receive_DMA
 .text.UART_EndTxTransfer
                0x0000000008004bc8       0x4e ./Drivers/STM32F1xx_HAL_Driver/Src/stm32f1xx_hal_uart.o
 .text.UART_EndRxTransfer
                0x0000000008004c16       0xc4 ./Drivers/STM32F1xx_HAL_Driver/Src/stm32f1xx_hal_uart.o
 .text.UART_DMAAbortOnError
                0x0000000008004cda       0x28 ./Drivers/STM32F1xx_HAL_Driver/Src/stm32f1xx_hal_uart.o
 .text.UART_Transmit_IT
                0x0000000008004d02       0x9e ./Drivers/STM32F1xx_HAL_Driver/Src/stm32f1xx_hal_uart.o
 .text.UART_EndTransmit_IT
                0x0000000008004da0       0x30 ./Drivers/STM32F1xx_HAL_Driver/Src/stm32f1xx_hal_uart.o
 .text.UART_Receive_IT
                0x0000000008004dd0      0x17c ./Drivers/STM32F1xx_HAL_Driver/Src/stm32f1xx_hal_uart.o
 .text.UART_SetConfig
                0x0000000008004f4c      0x11c ./Drivers/STM32F1xx_HAL_Driver/Src/stm32f1xx_hal_uart.o
 .text.USB_CoreInit
                0x0000000008005068       0x1a ./Drivers/STM32F1xx_HAL_Driver/Src/stm32f1xx_ll_usb.o
                0x0000000008005068                USB_CoreInit
 .text.USB_EnableGlobalInt
                0x0000000008005082       0x2c ./Drivers/STM32F1xx_HAL_Driver/Src/stm32f1xx_ll_usb.o
                0x0000000008005082                USB_EnableGlobalInt
 .text.USB_DisableGlobalInt
                0x00000000080050ae       0x34 ./Drivers/STM32F1xx_HAL_Driver/Src/stm32f1xx_ll_usb.o
                0x00000000080050ae                USB_DisableGlobalInt
 .text.USB_SetCurrentMode
                0x00000000080050e2       0x18 ./Drivers/STM32F1xx_HAL_Driver/Src/stm32f1xx_ll_usb.o
                0x00000000080050e2                USB_SetCurrentMode
 .text.USB_DevInit
                0x00000000080050fa       0x3a ./Drivers/STM32F1xx_HAL_Driver/Src/stm32f1xx_ll_usb.o
                0x00000000080050fa                USB_DevInit
 .text.USB_ActivateEndpoint
                0x0000000008005134      0x780 ./Drivers/STM32F1xx_HAL_Driver/Src/stm32f1xx_ll_usb.o
                0x0000000008005134                USB_ActivateEndpoint
 .text.USB_DeactivateEndpoint
                0x00000000080058b4      0x3d8 ./Drivers/STM32F1xx_HAL_Driver/Src/stm32f1xx_ll_usb.o
                0x00000000080058b4                USB_DeactivateEndpoint
 .text.USB_EPStartXfer
                0x0000000008005c8c     0x1762 ./Drivers/STM32F1xx_HAL_Driver/Src/stm32f1xx_ll_usb.o
                0x0000000008005c8c                USB_EPStartXfer
 .text.USB_EPSetStall
                0x00000000080073ee       0xa0 ./Drivers/STM32F1xx_HAL_Driver/Src/stm32f1xx_ll_usb.o
                0x00000000080073ee                USB_EPSetStall
 .text.USB_EPClearStall
                0x000000000800748e      0x15a ./Drivers/STM32F1xx_HAL_Driver/Src/stm32f1xx_ll_usb.o
                0x000000000800748e                USB_EPClearStall
 .text.USB_SetDevAddress
                0x00000000080075e8       0x26 ./Drivers/STM32F1xx_HAL_Driver/Src/stm32f1xx_ll_usb.o
                0x00000000080075e8                USB_SetDevAddress
 .text.USB_DevConnect
                0x000000000800760e       0x14 ./Drivers/STM32F1xx_HAL_Driver/Src/stm32f1xx_ll_usb.o
                0x000000000800760e                USB_DevConnect
 .text.USB_DevDisconnect
                0x0000000008007622       0x14 ./Drivers/STM32F1xx_HAL_Driver/Src/stm32f1xx_ll_usb.o
                0x0000000008007622                USB_DevDisconnect
 .text.USB_ReadInterrupts
                0x0000000008007636       0x1e ./Drivers/STM32F1xx_HAL_Driver/Src/stm32f1xx_ll_usb.o
                0x0000000008007636                USB_ReadInterrupts
 .text.USB_EP0_OutStart
                0x0000000008007654       0x16 ./Drivers/STM32F1xx_HAL_Driver/Src/stm32f1xx_ll_usb.o
                0x0000000008007654                USB_EP0_OutStart
 .text.USB_WritePMA
                0x000000000800766a       0x8a ./Drivers/STM32F1xx_HAL_Driver/Src/stm32f1xx_ll_usb.o
                0x000000000800766a                USB_WritePMA
 .text.USB_ReadPMA
                0x00000000080076f4       0x9e ./Drivers/STM32F1xx_HAL_Driver/Src/stm32f1xx_ll_usb.o
                0x00000000080076f4                USB_ReadPMA
 .text.CRC16    0x0000000008007792       0x40 ./Drivers/SbW_Protocol/SbW_Protocol.o
 .text.SbW_Init
                0x00000000080077d2       0x36 ./Drivers/SbW_Protocol/SbW_Protocol.o
                0x00000000080077d2                SbW_Init
 .text.SbW_Request_Received_CB
                0x0000000008007808      0x1fc ./Drivers/SbW_Protocol/SbW_Protocol.o
                0x0000000008007808                SbW_Request_Received_CB
 .text.SbW_Timer_Callback
                0x0000000008007a04       0x44 ./Drivers/SbW_Protocol/SbW_Protocol.o
                0x0000000008007a04                SbW_Timer_Callback
 .text.SbW_TxFrame_processor
                0x0000000008007a48       0x94 ./Drivers/SbW_Protocol/SbW_Protocol.o
                0x0000000008007a48                SbW_TxFrame_processor
 .text.SbW_TxCPLt
                0x0000000008007adc       0x16 ./Drivers/SbW_Protocol/SbW_Protocol.o
                0x0000000008007adc                SbW_TxCPLt
 .text.USBD_CDC_Init
                0x0000000008007af2       0xf4 ./Middlewares/ST/STM32_USB_Device_Library/Class/CDC/Src/usbd_cdc.o
 .text.USBD_CDC_DeInit
                0x0000000008007be6       0x6e ./Middlewares/ST/STM32_USB_Device_Library/Class/CDC/Src/usbd_cdc.o
 .text.USBD_CDC_Setup
                0x0000000008007c54      0x146 ./Middlewares/ST/STM32_USB_Device_Library/Class/CDC/Src/usbd_cdc.o
 .text.USBD_CDC_DataIn
                0x0000000008007d9a       0xa6 ./Middlewares/ST/STM32_USB_Device_Library/Class/CDC/Src/usbd_cdc.o
 .text.USBD_CDC_DataOut
                0x0000000008007e40       0x56 ./Middlewares/ST/STM32_USB_Device_Library/Class/CDC/Src/usbd_cdc.o
 .text.USBD_CDC_EP0_RxReady
                0x0000000008007e96       0x50 ./Middlewares/ST/STM32_USB_Device_Library/Class/CDC/Src/usbd_cdc.o
 *fill*         0x0000000008007ee6        0x2 
 .text.USBD_CDC_GetFSCfgDesc
                0x0000000008007ee8       0x20 ./Middlewares/ST/STM32_USB_Device_Library/Class/CDC/Src/usbd_cdc.o
 .text.USBD_CDC_GetHSCfgDesc
                0x0000000008007f08       0x20 ./Middlewares/ST/STM32_USB_Device_Library/Class/CDC/Src/usbd_cdc.o
 .text.USBD_CDC_GetOtherSpeedCfgDesc
                0x0000000008007f28       0x20 ./Middlewares/ST/STM32_USB_Device_Library/Class/CDC/Src/usbd_cdc.o
 .text.USBD_CDC_GetDeviceQualifierDescriptor
                0x0000000008007f48       0x20 ./Middlewares/ST/STM32_USB_Device_Library/Class/CDC/Src/usbd_cdc.o
                0x0000000008007f48                USBD_CDC_GetDeviceQualifierDescriptor
 .text.USBD_CDC_RegisterInterface
                0x0000000008007f68       0x2c ./Middlewares/ST/STM32_USB_Device_Library/Class/CDC/Src/usbd_cdc.o
                0x0000000008007f68                USBD_CDC_RegisterInterface
 .text.USBD_CDC_SetTxBuffer
                0x0000000008007f94       0x32 ./Middlewares/ST/STM32_USB_Device_Library/Class/CDC/Src/usbd_cdc.o
                0x0000000008007f94                USBD_CDC_SetTxBuffer
 .text.USBD_CDC_SetRxBuffer
                0x0000000008007fc6       0x26 ./Middlewares/ST/STM32_USB_Device_Library/Class/CDC/Src/usbd_cdc.o
                0x0000000008007fc6                USBD_CDC_SetRxBuffer
 .text.USBD_CDC_ReceivePacket
                0x0000000008007fec       0x54 ./Middlewares/ST/STM32_USB_Device_Library/Class/CDC/Src/usbd_cdc.o
                0x0000000008007fec                USBD_CDC_ReceivePacket
 .text.USBD_Init
                0x0000000008008040       0x56 ./Middlewares/ST/STM32_USB_Device_Library/Core/Src/usbd_core.o
                0x0000000008008040                USBD_Init
 .text.USBD_RegisterClass
                0x0000000008008096       0x32 ./Middlewares/ST/STM32_USB_Device_Library/Core/Src/usbd_core.o
                0x0000000008008096                USBD_RegisterClass
 .text.USBD_Start
                0x00000000080080c8       0x18 ./Middlewares/ST/STM32_USB_Device_Library/Core/Src/usbd_core.o
                0x00000000080080c8                USBD_Start
 .text.USBD_RunTestMode
                0x00000000080080e0       0x14 ./Middlewares/ST/STM32_USB_Device_Library/Core/Src/usbd_core.o
                0x00000000080080e0                USBD_RunTestMode
 .text.USBD_SetClassConfig
                0x00000000080080f4       0x3e ./Middlewares/ST/STM32_USB_Device_Library/Core/Src/usbd_core.o
                0x00000000080080f4                USBD_SetClassConfig
 .text.USBD_ClrClassConfig
                0x0000000008008132       0x26 ./Middlewares/ST/STM32_USB_Device_Library/Core/Src/usbd_core.o
                0x0000000008008132                USBD_ClrClassConfig
 .text.USBD_LL_SetupStage
                0x0000000008008158       0x9a ./Middlewares/ST/STM32_USB_Device_Library/Core/Src/usbd_core.o
                0x0000000008008158                USBD_LL_SetupStage
 .text.USBD_LL_DataOutStage
                0x00000000080081f2       0xe2 ./Middlewares/ST/STM32_USB_Device_Library/Core/Src/usbd_core.o
                0x00000000080081f2                USBD_LL_DataOutStage
 .text.USBD_LL_DataInStage
                0x00000000080082d4      0x14a ./Middlewares/ST/STM32_USB_Device_Library/Core/Src/usbd_core.o
                0x00000000080082d4                USBD_LL_DataInStage
 .text.USBD_LL_Reset
                0x000000000800841e       0x82 ./Middlewares/ST/STM32_USB_Device_Library/Core/Src/usbd_core.o
                0x000000000800841e                USBD_LL_Reset
 .text.USBD_LL_SetSpeed
                0x00000000080084a0       0x1e ./Middlewares/ST/STM32_USB_Device_Library/Core/Src/usbd_core.o
                0x00000000080084a0                USBD_LL_SetSpeed
 .text.USBD_LL_Suspend
                0x00000000080084be       0x28 ./Middlewares/ST/STM32_USB_Device_Library/Core/Src/usbd_core.o
                0x00000000080084be                USBD_LL_Suspend
 .text.USBD_LL_Resume
                0x00000000080084e6       0x2a ./Middlewares/ST/STM32_USB_Device_Library/Core/Src/usbd_core.o
                0x00000000080084e6                USBD_LL_Resume
 .text.USBD_LL_SOF
                0x0000000008008510       0x34 ./Middlewares/ST/STM32_USB_Device_Library/Core/Src/usbd_core.o
                0x0000000008008510                USBD_LL_SOF
 .text.USBD_StdDevReq
                0x0000000008008544       0xd4 ./Middlewares/ST/STM32_USB_Device_Library/Core/Src/usbd_ctlreq.o
                0x0000000008008544                USBD_StdDevReq
 .text.USBD_StdItfReq
                0x0000000008008618       0x90 ./Middlewares/ST/STM32_USB_Device_Library/Core/Src/usbd_ctlreq.o
                0x0000000008008618                USBD_StdItfReq
 .text.USBD_StdEPReq
                0x00000000080086a8      0x2c6 ./Middlewares/ST/STM32_USB_Device_Library/Core/Src/usbd_ctlreq.o
                0x00000000080086a8                USBD_StdEPReq
 *fill*         0x000000000800896e        0x2 
 .text.USBD_GetDescriptor
                0x0000000008008970      0x2d0 ./Middlewares/ST/STM32_USB_Device_Library/Core/Src/usbd_ctlreq.o
 .text.USBD_SetAddress
                0x0000000008008c40       0x86 ./Middlewares/ST/STM32_USB_Device_Library/Core/Src/usbd_ctlreq.o
 *fill*         0x0000000008008cc6        0x2 
 .text.USBD_SetConfig
                0x0000000008008cc8      0x11c ./Middlewares/ST/STM32_USB_Device_Library/Core/Src/usbd_ctlreq.o
 .text.USBD_GetConfig
                0x0000000008008de4       0x6a ./Middlewares/ST/STM32_USB_Device_Library/Core/Src/usbd_ctlreq.o
 .text.USBD_GetStatus
                0x0000000008008e4e       0x66 ./Middlewares/ST/STM32_USB_Device_Library/Core/Src/usbd_ctlreq.o
 .text.USBD_SetFeature
                0x0000000008008eb4       0x28 ./Middlewares/ST/STM32_USB_Device_Library/Core/Src/usbd_ctlreq.o
 .text.USBD_ClrFeature
                0x0000000008008edc       0x42 ./Middlewares/ST/STM32_USB_Device_Library/Core/Src/usbd_ctlreq.o
 .text.USBD_ParseSetupRequest
                0x0000000008008f1e       0x78 ./Middlewares/ST/STM32_USB_Device_Library/Core/Src/usbd_ctlreq.o
                0x0000000008008f1e                USBD_ParseSetupRequest
 .text.USBD_CtlError
                0x0000000008008f96       0x22 ./Middlewares/ST/STM32_USB_Device_Library/Core/Src/usbd_ctlreq.o
                0x0000000008008f96                USBD_CtlError
 .text.USBD_GetString
                0x0000000008008fb8       0x84 ./Middlewares/ST/STM32_USB_Device_Library/Core/Src/usbd_ctlreq.o
                0x0000000008008fb8                USBD_GetString
 .text.USBD_GetLen
                0x000000000800903c       0x2e ./Middlewares/ST/STM32_USB_Device_Library/Core/Src/usbd_ctlreq.o
 .text.USBD_CtlSendData
                0x000000000800906a       0x38 ./Middlewares/ST/STM32_USB_Device_Library/Core/Src/usbd_ioreq.o
                0x000000000800906a                USBD_CtlSendData
 .text.USBD_CtlContinueSendData
                0x00000000080090a2       0x24 ./Middlewares/ST/STM32_USB_Device_Library/Core/Src/usbd_ioreq.o
                0x00000000080090a2                USBD_CtlContinueSendData
 .text.USBD_CtlPrepareRx
                0x00000000080090c6       0x3c ./Middlewares/ST/STM32_USB_Device_Library/Core/Src/usbd_ioreq.o
                0x00000000080090c6                USBD_CtlPrepareRx
 .text.USBD_CtlContinueRx
                0x0000000008009102       0x24 ./Middlewares/ST/STM32_USB_Device_Library/Core/Src/usbd_ioreq.o
                0x0000000008009102                USBD_CtlContinueRx
 .text.USBD_CtlSendStatus
                0x0000000008009126       0x26 ./Middlewares/ST/STM32_USB_Device_Library/Core/Src/usbd_ioreq.o
                0x0000000008009126                USBD_CtlSendStatus
 .text.USBD_CtlReceiveStatus
                0x000000000800914c       0x26 ./Middlewares/ST/STM32_USB_Device_Library/Core/Src/usbd_ioreq.o
                0x000000000800914c                USBD_CtlReceiveStatus
 *fill*         0x0000000008009172        0x2 
 .text.MX_USB_DEVICE_Init
                0x0000000008009174       0x60 ./USB_DEVICE/App/usb_device.o
                0x0000000008009174                MX_USB_DEVICE_Init
 .text.CDC_Init_FS
                0x00000000080091d4       0x28 ./USB_DEVICE/App/usbd_cdc_if.o
 .text.CDC_DeInit_FS
                0x00000000080091fc        0xe ./USB_DEVICE/App/usbd_cdc_if.o
 *fill*         0x000000000800920a        0x2 
 .text.CDC_Control_FS
                0x000000000800920c       0xbc ./USB_DEVICE/App/usbd_cdc_if.o
 .text.CDC_Receive_FS
                0x00000000080092c8       0x28 ./USB_DEVICE/App/usbd_cdc_if.o
 .text.USBD_FS_DeviceDescriptor
                0x00000000080092f0       0x24 ./USB_DEVICE/App/usbd_desc.o
                0x00000000080092f0                USBD_FS_DeviceDescriptor
 .text.USBD_FS_LangIDStrDescriptor
                0x0000000008009314       0x24 ./USB_DEVICE/App/usbd_desc.o
                0x0000000008009314                USBD_FS_LangIDStrDescriptor
 .text.USBD_FS_ProductStrDescriptor
                0x0000000008009338       0x3c ./USB_DEVICE/App/usbd_desc.o
                0x0000000008009338                USBD_FS_ProductStrDescriptor
 .text.USBD_FS_ManufacturerStrDescriptor
                0x0000000008009374       0x28 ./USB_DEVICE/App/usbd_desc.o
                0x0000000008009374                USBD_FS_ManufacturerStrDescriptor
 .text.USBD_FS_SerialStrDescriptor
                0x000000000800939c       0x24 ./USB_DEVICE/App/usbd_desc.o
                0x000000000800939c                USBD_FS_SerialStrDescriptor
 .text.USBD_FS_ConfigStrDescriptor
                0x00000000080093c0       0x3c ./USB_DEVICE/App/usbd_desc.o
                0x00000000080093c0                USBD_FS_ConfigStrDescriptor
 .text.USBD_FS_InterfaceStrDescriptor
                0x00000000080093fc       0x3c ./USB_DEVICE/App/usbd_desc.o
                0x00000000080093fc                USBD_FS_InterfaceStrDescriptor
 .text.Get_SerialNum
                0x0000000008009438       0x58 ./USB_DEVICE/App/usbd_desc.o
 .text.IntToUnicode
                0x0000000008009490       0x7c ./USB_DEVICE/App/usbd_desc.o
 .text.HAL_PCD_MspInit
                0x000000000800950c       0x5c ./USB_DEVICE/Target/usbd_conf.o
                0x000000000800950c                HAL_PCD_MspInit
 .text.HAL_PCD_SetupStageCallback
                0x0000000008009568       0x24 ./USB_DEVICE/Target/usbd_conf.o
                0x0000000008009568                HAL_PCD_SetupStageCallback
 .text.HAL_PCD_DataOutStageCallback
                0x000000000800958c       0x36 ./USB_DEVICE/Target/usbd_conf.o
                0x000000000800958c                HAL_PCD_DataOutStageCallback
 .text.HAL_PCD_DataInStageCallback
                0x00000000080095c2       0x34 ./USB_DEVICE/Target/usbd_conf.o
                0x00000000080095c2                HAL_PCD_DataInStageCallback
 .text.HAL_PCD_SOFCallback
                0x00000000080095f6       0x1c ./USB_DEVICE/Target/usbd_conf.o
                0x00000000080095f6                HAL_PCD_SOFCallback
 .text.HAL_PCD_ResetCallback
                0x0000000008009612       0x3c ./USB_DEVICE/Target/usbd_conf.o
                0x0000000008009612                HAL_PCD_ResetCallback
 *fill*         0x000000000800964e        0x2 
 .text.HAL_PCD_SuspendCallback
                0x0000000008009650       0x34 ./USB_DEVICE/Target/usbd_conf.o
                0x0000000008009650                HAL_PCD_SuspendCallback
 .text.HAL_PCD_ResumeCallback
                0x0000000008009684       0x1c ./USB_DEVICE/Target/usbd_conf.o
                0x0000000008009684                HAL_PCD_ResumeCallback
 .text.USBD_LL_Init
                0x00000000080096a0       0xb4 ./USB_DEVICE/Target/usbd_conf.o
                0x00000000080096a0                USBD_LL_Init
 .text.USBD_LL_Start
                0x0000000008009754       0x36 ./USB_DEVICE/Target/usbd_conf.o
                0x0000000008009754                USBD_LL_Start
 .text.USBD_LL_OpenEP
                0x000000000800978a       0x4c ./USB_DEVICE/Target/usbd_conf.o
                0x000000000800978a                USBD_LL_OpenEP
 .text.USBD_LL_CloseEP
                0x00000000080097d6       0x3e ./USB_DEVICE/Target/usbd_conf.o
                0x00000000080097d6                USBD_LL_CloseEP
 .text.USBD_LL_StallEP
                0x0000000008009814       0x3e ./USB_DEVICE/Target/usbd_conf.o
                0x0000000008009814                USBD_LL_StallEP
 .text.USBD_LL_ClearStallEP
                0x0000000008009852       0x3e ./USB_DEVICE/Target/usbd_conf.o
                0x0000000008009852                USBD_LL_ClearStallEP
 .text.USBD_LL_IsStallEP
                0x0000000008009890       0x56 ./USB_DEVICE/Target/usbd_conf.o
                0x0000000008009890                USBD_LL_IsStallEP
 .text.USBD_LL_SetUSBAddress
                0x00000000080098e6       0x3e ./USB_DEVICE/Target/usbd_conf.o
                0x00000000080098e6                USBD_LL_SetUSBAddress
 .text.USBD_LL_Transmit
                0x0000000008009924       0x46 ./USB_DEVICE/Target/usbd_conf.o
                0x0000000008009924                USBD_LL_Transmit
 .text.USBD_LL_PrepareReceive
                0x000000000800996a       0x46 ./USB_DEVICE/Target/usbd_conf.o
                0x000000000800996a                USBD_LL_PrepareReceive
 .text.USBD_LL_GetRxDataSize
                0x00000000080099b0       0x26 ./USB_DEVICE/Target/usbd_conf.o
                0x00000000080099b0                USBD_LL_GetRxDataSize
 *fill*         0x00000000080099d6        0x2 
 .text.USBD_static_malloc
                0x00000000080099d8       0x18 ./USB_DEVICE/Target/usbd_conf.o
                0x00000000080099d8                USBD_static_malloc
 .text.USBD_static_free
                0x00000000080099f0       0x12 ./USB_DEVICE/Target/usbd_conf.o
                0x00000000080099f0                USBD_static_free
 .text.HAL_PCDEx_SetConnectionState
                0x0000000008009a02       0x16 ./USB_DEVICE/Target/usbd_conf.o
                0x0000000008009a02                HAL_PCDEx_SetConnectionState
 .text.USBD_Get_USB_Status
                0x0000000008009a18       0x58 ./USB_DEVICE/Target/usbd_conf.o
 .text.__libc_init_array
                0x0000000008009a70       0x48 c:/st/stm32cubeide_1.12.1/stm32cubeide/plugins/com.st.stm32cube.ide.mcu.externaltools.gnu-tools-for-stm32.10.3-2021.10.win32_1.0.200.202301161003/tools/bin/../lib/gcc/arm-none-eabi/10.3.1/../../../../arm-none-eabi/lib/thumb/v7-m/nofp\libc_nano.a(lib_a-init.o)
                0x0000000008009a70                __libc_init_array
 .text.memcpy   0x0000000008009ab8       0x1c c:/st/stm32cubeide_1.12.1/stm32cubeide/plugins/com.st.stm32cube.ide.mcu.externaltools.gnu-tools-for-stm32.10.3-2021.10.win32_1.0.200.202301161003/tools/bin/../lib/gcc/arm-none-eabi/10.3.1/../../../../arm-none-eabi/lib/thumb/v7-m/nofp\libc_nano.a(lib_a-memcpy-stub.o)
                0x0000000008009ab8                memcpy
 .text.memset   0x0000000008009ad4       0x10 c:/st/stm32cubeide_1.12.1/stm32cubeide/plugins/com.st.stm32cube.ide.mcu.externaltools.gnu-tools-for-stm32.10.3-2021.10.win32_1.0.200.202301161003/tools/bin/../lib/gcc/arm-none-eabi/10.3.1/../../../../arm-none-eabi/lib/thumb/v7-m/nofp\libc_nano.a(lib_a-memset.o)
                0x0000000008009ad4                memset
 *(.glue_7)
 .glue_7        0x0000000008009ae4        0x0 linker stubs
 *(.glue_7t)
 .glue_7t       0x0000000008009ae4        0x0 linker stubs
 *(.eh_frame)
 .eh_frame      0x0000000008009ae4        0x0 c:/st/stm32cubeide_1.12.1/stm32cubeide/plugins/com.st.stm32cube.ide.mcu.externaltools.gnu-tools-for-stm32.10.3-2021.10.win32_1.0.200.202301161003/tools/bin/../lib/gcc/arm-none-eabi/10.3.1/thumb/v7-m/nofp/crtbegin.o
 *(.init)
 .init          0x0000000008009ae4        0x4 c:/st/stm32cubeide_1.12.1/stm32cubeide/plugins/com.st.stm32cube.ide.mcu.externaltools.gnu-tools-for-stm32.10.3-2021.10.win32_1.0.200.202301161003/tools/bin/../lib/gcc/arm-none-eabi/10.3.1/thumb/v7-m/nofp/crti.o
                0x0000000008009ae4                _init
 .init          0x0000000008009ae8        0x8 c:/st/stm32cubeide_1.12.1/stm32cubeide/plugins/com.st.stm32cube.ide.mcu.externaltools.gnu-tools-for-stm32.10.3-2021.10.win32_1.0.200.202301161003/tools/bin/../lib/gcc/arm-none-eabi/10.3.1/thumb/v7-m/nofp/crtn.o
 *(.fini)
 .fini          0x0000000008009af0        0x4 c:/st/stm32cubeide_1.12.1/stm32cubeide/plugins/com.st.stm32cube.ide.mcu.externaltools.gnu-tools-for-stm32.10.3-2021.10.win32_1.0.200.202301161003/tools/bin/../lib/gcc/arm-none-eabi/10.3.1/thumb/v7-m/nofp/crti.o
                0x0000000008009af0                _fini
 .fini          0x0000000008009af4        0x8 c:/st/stm32cubeide_1.12.1/stm32cubeide/plugins/com.st.stm32cube.ide.mcu.externaltools.gnu-tools-for-stm32.10.3-2021.10.win32_1.0.200.202301161003/tools/bin/../lib/gcc/arm-none-eabi/10.3.1/thumb/v7-m/nofp/crtn.o
                0x0000000008009afc                . = ALIGN (0x4)
                0x0000000008009afc                _etext = .

.vfp11_veneer   0x0000000008009afc        0x0
 .vfp11_veneer  0x0000000008009afc        0x0 linker stubs

.v4_bx          0x0000000008009afc        0x0
 .v4_bx         0x0000000008009afc        0x0 linker stubs

.iplt           0x0000000008009afc        0x0
 .iplt          0x0000000008009afc        0x0 c:/st/stm32cubeide_1.12.1/stm32cubeide/plugins/com.st.stm32cube.ide.mcu.externaltools.gnu-tools-for-stm32.10.3-2021.10.win32_1.0.200.202301161003/tools/bin/../lib/gcc/arm-none-eabi/10.3.1/thumb/v7-m/nofp/crtbegin.o

.rodata         0x0000000008009afc       0x74
                0x0000000008009afc                . = ALIGN (0x4)
 *(.rodata)
 .rodata        0x0000000008009afc       0x46 ./USB_DEVICE/App/usbd_desc.o
 *(.rodata*)
 *fill*         0x0000000008009b42        0x2 
 .rodata.AHBPrescTable
                0x0000000008009b44       0x10 ./Core/Src/system_stm32f1xx.o
                0x0000000008009b44                AHBPrescTable
 .rodata.APBPrescTable
                0x0000000008009b54        0x8 ./Core/Src/system_stm32f1xx.o
                0x0000000008009b54                APBPrescTable
 .rodata.aPLLMULFactorTable.1
                0x0000000008009b5c       0x10 ./Drivers/STM32F1xx_HAL_Driver/Src/stm32f1xx_hal_rcc.o
 .rodata.aPredivFactorTable.0
                0x0000000008009b6c        0x2 ./Drivers/STM32F1xx_HAL_Driver/Src/stm32f1xx_hal_rcc.o
                0x0000000008009b70                . = ALIGN (0x4)
 *fill*         0x0000000008009b6e        0x2 

.rel.dyn        0x0000000008009b70        0x0
 .rel.iplt      0x0000000008009b70        0x0 c:/st/stm32cubeide_1.12.1/stm32cubeide/plugins/com.st.stm32cube.ide.mcu.externaltools.gnu-tools-for-stm32.10.3-2021.10.win32_1.0.200.202301161003/tools/bin/../lib/gcc/arm-none-eabi/10.3.1/thumb/v7-m/nofp/crtbegin.o

.ARM.extab      0x0000000008009b70        0x0
                0x0000000008009b70                . = ALIGN (0x4)
 *(.ARM.extab* .gnu.linkonce.armextab.*)
                0x0000000008009b70                . = ALIGN (0x4)

.ARM            0x0000000008009b70        0x0
                0x0000000008009b70                . = ALIGN (0x4)
                0x0000000008009b70                __exidx_start = .
 *(.ARM.exidx*)
                0x0000000008009b70                __exidx_end = .
                0x0000000008009b70                . = ALIGN (0x4)

.preinit_array  0x0000000008009b70        0x0
                0x0000000008009b70                . = ALIGN (0x4)
                0x0000000008009b70                PROVIDE (__preinit_array_start = .)
 *(.preinit_array*)
                0x0000000008009b70                PROVIDE (__preinit_array_end = .)
                0x0000000008009b70                . = ALIGN (0x4)

.init_array     0x0000000008009b70        0x4
                0x0000000008009b70                . = ALIGN (0x4)
                0x0000000008009b70                PROVIDE (__init_array_start = .)
 *(SORT_BY_NAME(.init_array.*))
 *(.init_array*)
 .init_array    0x0000000008009b70        0x4 c:/st/stm32cubeide_1.12.1/stm32cubeide/plugins/com.st.stm32cube.ide.mcu.externaltools.gnu-tools-for-stm32.10.3-2021.10.win32_1.0.200.202301161003/tools/bin/../lib/gcc/arm-none-eabi/10.3.1/thumb/v7-m/nofp/crtbegin.o
                0x0000000008009b74                PROVIDE (__init_array_end = .)
                0x0000000008009b74                . = ALIGN (0x4)

.fini_array     0x0000000008009b74        0x4
                0x0000000008009b74                . = ALIGN (0x4)
                [!provide]                        PROVIDE (__fini_array_start = .)
 *(SORT_BY_NAME(.fini_array.*))
 *(.fini_array*)
 .fini_array    0x0000000008009b74        0x4 c:/st/stm32cubeide_1.12.1/stm32cubeide/plugins/com.st.stm32cube.ide.mcu.externaltools.gnu-tools-for-stm32.10.3-2021.10.win32_1.0.200.202301161003/tools/bin/../lib/gcc/arm-none-eabi/10.3.1/thumb/v7-m/nofp/crtbegin.o
                [!provide]                        PROVIDE (__fini_array_end = .)
                0x0000000008009b78                . = ALIGN (0x4)
                0x0000000008009b78                _sidata = LOADADDR (.data)

.data           0x0000000020000000      0x1ac load address 0x0000000008009b78
                0x0000000020000000                . = ALIGN (0x4)
                0x0000000020000000                _sdata = .
 *(.data)
 *(.data*)
 .data.S        0x0000000020000000       0x30 ./Core/Src/main.o
                0x0000000020000000                S
 .data.SystemCoreClock
                0x0000000020000030        0x4 ./Core/Src/system_stm32f1xx.o
                0x0000000020000030                SystemCoreClock
 .data.uwTickPrio
                0x0000000020000034        0x4 ./Drivers/STM32F1xx_HAL_Driver/Src/stm32f1xx_hal.o
                0x0000000020000034                uwTickPrio
 .data.uwTickFreq
                0x0000000020000038        0x1 ./Drivers/STM32F1xx_HAL_Driver/Src/stm32f1xx_hal.o
                0x0000000020000038                uwTickFreq
 *fill*         0x0000000020000039        0x3 
 .data.USBD_CDC_DeviceQualifierDesc
                0x000000002000003c        0xa ./Middlewares/ST/STM32_USB_Device_Library/Class/CDC/Src/usbd_cdc.o
 *fill*         0x0000000020000046        0x2 
 .data.USBD_CDC
                0x0000000020000048       0x38 ./Middlewares/ST/STM32_USB_Device_Library/Class/CDC/Src/usbd_cdc.o
                0x0000000020000048                USBD_CDC
 .data.USBD_CDC_CfgHSDesc
                0x0000000020000080       0x43 ./Middlewares/ST/STM32_USB_Device_Library/Class/CDC/Src/usbd_cdc.o
                0x0000000020000080                USBD_CDC_CfgHSDesc
 *fill*         0x00000000200000c3        0x1 
 .data.USBD_CDC_CfgFSDesc
                0x00000000200000c4       0x43 ./Middlewares/ST/STM32_USB_Device_Library/Class/CDC/Src/usbd_cdc.o
                0x00000000200000c4                USBD_CDC_CfgFSDesc
 *fill*         0x0000000020000107        0x1 
 .data.USBD_CDC_OtherSpeedCfgDesc
                0x0000000020000108       0x43 ./Middlewares/ST/STM32_USB_Device_Library/Class/CDC/Src/usbd_cdc.o
                0x0000000020000108                USBD_CDC_OtherSpeedCfgDesc
 *fill*         0x000000002000014b        0x1 
 .data.USBD_Interface_fops_FS
                0x000000002000014c       0x10 ./USB_DEVICE/App/usbd_cdc_if.o
                0x000000002000014c                USBD_Interface_fops_FS
 .data.FS_Desc  0x000000002000015c       0x1c ./USB_DEVICE/App/usbd_desc.o
                0x000000002000015c                FS_Desc
 .data.USBD_FS_DeviceDesc
                0x0000000020000178       0x12 ./USB_DEVICE/App/usbd_desc.o
                0x0000000020000178                USBD_FS_DeviceDesc
 *fill*         0x000000002000018a        0x2 
 .data.USBD_LangIDDesc
                0x000000002000018c        0x4 ./USB_DEVICE/App/usbd_desc.o
                0x000000002000018c                USBD_LangIDDesc
 .data.USBD_StringSerial
                0x0000000020000190       0x1a ./USB_DEVICE/App/usbd_desc.o
                0x0000000020000190                USBD_StringSerial
 *(.RamFunc)
 *(.RamFunc*)
                0x00000000200001ac                . = ALIGN (0x4)
 *fill*         0x00000000200001aa        0x2 
                0x00000000200001ac                _edata = .

.igot.plt       0x00000000200001ac        0x0 load address 0x0000000008009d24
 .igot.plt      0x00000000200001ac        0x0 c:/st/stm32cubeide_1.12.1/stm32cubeide/plugins/com.st.stm32cube.ide.mcu.externaltools.gnu-tools-for-stm32.10.3-2021.10.win32_1.0.200.202301161003/tools/bin/../lib/gcc/arm-none-eabi/10.3.1/thumb/v7-m/nofp/crtbegin.o
                0x00000000200001ac                . = ALIGN (0x4)

.bss            0x00000000200001ac     0x19c0 load address 0x0000000008009d24
                0x00000000200001ac                _sbss = .
                0x00000000200001ac                __bss_start__ = _sbss
 *(.bss)
 .bss           0x00000000200001ac       0x1c c:/st/stm32cubeide_1.12.1/stm32cubeide/plugins/com.st.stm32cube.ide.mcu.externaltools.gnu-tools-for-stm32.10.3-2021.10.win32_1.0.200.202301161003/tools/bin/../lib/gcc/arm-none-eabi/10.3.1/thumb/v7-m/nofp/crtbegin.o
 *(.bss*)
 .bss.TxBuffer  0x00000000200001c8      0x100 ./Core/Hardware_Interface/Hardware_Interface.o
                0x00000000200001c8                TxBuffer
 .bss.RxBuffer  0x00000000200002c8      0x100 ./Core/Hardware_Interface/Hardware_Interface.o
                0x00000000200002c8                RxBuffer
 .bss.htim1     0x00000000200003c8       0x48 ./Core/Src/main.o
                0x00000000200003c8                htim1
 .bss.huart1    0x0000000020000410       0x48 ./Core/Src/main.o
                0x0000000020000410                huart1
 .bss.hdma_usart1_rx
                0x0000000020000458       0x44 ./Core/Src/main.o
                0x0000000020000458                hdma_usart1_rx
 .bss.hdma_usart1_tx
                0x000000002000049c       0x44 ./Core/Src/main.o
                0x000000002000049c                hdma_usart1_tx
 .bss.F         0x00000000200004e0       0x18 ./Core/Src/main.o
                0x00000000200004e0                F
 .bss.FrameBuffer
                0x00000000200004f8      0x4b0 ./Core/Src/main.o
                0x00000000200004f8                FrameBuffer
 .bss.uwTick    0x00000000200009a8        0x4 ./Drivers/STM32F1xx_HAL_Driver/Src/stm32f1xx_hal.o
                0x00000000200009a8                uwTick
 .bss.cfgidx.0  0x00000000200009ac        0x1 ./Middlewares/ST/STM32_USB_Device_Library/Core/Src/usbd_ctlreq.o
 *fill*         0x00000000200009ad        0x3 
 .bss.hUsbDeviceFS
                0x00000000200009b0      0x2c4 ./USB_DEVICE/App/usb_device.o
                0x00000000200009b0                hUsbDeviceFS
 .bss.UserRxBufferFS
                0x0000000020000c74      0x400 ./USB_DEVICE/App/usbd_cdc_if.o
                0x0000000020000c74                UserRxBufferFS
 .bss.UserTxBufferFS
                0x0000000020001074      0x400 ./USB_DEVICE/App/usbd_cdc_if.o
                0x0000000020001074                UserTxBufferFS
 .bss.USBD_StrDesc
                0x0000000020001474      0x200 ./USB_DEVICE/App/usbd_desc.o
                0x0000000020001474                USBD_StrDesc
 .bss.hpcd_USB_FS
                0x0000000020001674      0x2d8 ./USB_DEVICE/Target/usbd_conf.o
                0x0000000020001674                hpcd_USB_FS
 .bss.mem.0     0x000000002000194c      0x220 ./USB_DEVICE/Target/usbd_conf.o
 *(COMMON)
                0x0000000020001b6c                . = ALIGN (0x4)
                0x0000000020001b6c                _ebss = .
                0x0000000020001b6c                __bss_end__ = _ebss

._user_heap_stack
                0x0000000020001b6c      0x604 load address 0x0000000008009d24
                0x0000000020001b70                . = ALIGN (0x8)
 *fill*         0x0000000020001b6c        0x4 
                [!provide]                        PROVIDE (end = .)
                0x0000000020001b70                PROVIDE (_end = .)
                0x0000000020001d70                . = (. + _Min_Heap_Size)
 *fill*         0x0000000020001b70      0x200 
                0x0000000020002170                . = (. + _Min_Stack_Size)
 *fill*         0x0000000020001d70      0x400 
                0x0000000020002170                . = ALIGN (0x8)

/DISCARD/
 libc.a(*)
 libm.a(*)
 libgcc.a(*)

.ARM.attributes
                0x0000000000000000       0x29
 *(.ARM.attributes)
 .ARM.attributes
                0x0000000000000000       0x1d c:/st/stm32cubeide_1.12.1/stm32cubeide/plugins/com.st.stm32cube.ide.mcu.externaltools.gnu-tools-for-stm32.10.3-2021.10.win32_1.0.200.202301161003/tools/bin/../lib/gcc/arm-none-eabi/10.3.1/thumb/v7-m/nofp/crti.o
 .ARM.attributes
                0x000000000000001d       0x2d c:/st/stm32cubeide_1.12.1/stm32cubeide/plugins/com.st.stm32cube.ide.mcu.externaltools.gnu-tools-for-stm32.10.3-2021.10.win32_1.0.200.202301161003/tools/bin/../lib/gcc/arm-none-eabi/10.3.1/thumb/v7-m/nofp/crtbegin.o
 .ARM.attributes
                0x000000000000004a       0x2d ./Core/Hardware_Interface/Hardware_Interface.o
 .ARM.attributes
                0x0000000000000077       0x2d ./Core/Src/main.o
 .ARM.attributes
                0x00000000000000a4       0x2d ./Core/Src/stm32f1xx_hal_msp.o
 .ARM.attributes
                0x00000000000000d1       0x2d ./Core/Src/stm32f1xx_it.o
 .ARM.attributes
                0x00000000000000fe       0x2d ./Core/Src/system_stm32f1xx.o
 .ARM.attributes
                0x000000000000012b       0x21 ./Core/Startup/startup_stm32f103c8tx.o
 .ARM.attributes
                0x000000000000014c       0x2d ./Drivers/FIFO/FIFO.o
 .ARM.attributes
                0x0000000000000179       0x2d ./Drivers/STM32F1xx_HAL_Driver/Src/stm32f1xx_hal.o
 .ARM.attributes
                0x00000000000001a6       0x2d ./Drivers/STM32F1xx_HAL_Driver/Src/stm32f1xx_hal_cortex.o
 .ARM.attributes
                0x00000000000001d3       0x2d ./Drivers/STM32F1xx_HAL_Driver/Src/stm32f1xx_hal_dma.o
 .ARM.attributes
                0x0000000000000200       0x2d ./Drivers/STM32F1xx_HAL_Driver/Src/stm32f1xx_hal_gpio.o
 .ARM.attributes
                0x000000000000022d       0x2d ./Drivers/STM32F1xx_HAL_Driver/Src/stm32f1xx_hal_pcd.o
 .ARM.attributes
                0x000000000000025a       0x2d ./Drivers/STM32F1xx_HAL_Driver/Src/stm32f1xx_hal_pcd_ex.o
 .ARM.attributes
                0x0000000000000287       0x2d ./Drivers/STM32F1xx_HAL_Driver/Src/stm32f1xx_hal_rcc.o
 .ARM.attributes
                0x00000000000002b4       0x2d ./Drivers/STM32F1xx_HAL_Driver/Src/stm32f1xx_hal_rcc_ex.o
 .ARM.attributes
                0x00000000000002e1       0x2d ./Drivers/STM32F1xx_HAL_Driver/Src/stm32f1xx_hal_tim.o
 .ARM.attributes
                0x000000000000030e       0x2d ./Drivers/STM32F1xx_HAL_Driver/Src/stm32f1xx_hal_tim_ex.o
 .ARM.attributes
                0x000000000000033b       0x2d ./Drivers/STM32F1xx_HAL_Driver/Src/stm32f1xx_hal_uart.o
 .ARM.attributes
                0x0000000000000368       0x2d ./Drivers/STM32F1xx_HAL_Driver/Src/stm32f1xx_ll_usb.o
 .ARM.attributes
                0x0000000000000395       0x2d ./Drivers/SbW_Protocol/SbW_Protocol.o
 .ARM.attributes
                0x00000000000003c2       0x2d ./Middlewares/ST/STM32_USB_Device_Library/Class/CDC/Src/usbd_cdc.o
 .ARM.attributes
                0x00000000000003ef       0x2d ./Middlewares/ST/STM32_USB_Device_Library/Core/Src/usbd_core.o
 .ARM.attributes
                0x000000000000041c       0x2d ./Middlewares/ST/STM32_USB_Device_Library/Core/Src/usbd_ctlreq.o
 .ARM.attributes
                0x0000000000000449       0x2d ./Middlewares/ST/STM32_USB_Device_Library/Core/Src/usbd_ioreq.o
 .ARM.attributes
                0x0000000000000476       0x2d ./USB_DEVICE/App/usb_device.o
 .ARM.attributes
                0x00000000000004a3       0x2d ./USB_DEVICE/App/usbd_cdc_if.o
 .ARM.attributes
                0x00000000000004d0       0x2d ./USB_DEVICE/App/usbd_desc.o
 .ARM.attributes
                0x00000000000004fd       0x2d ./USB_DEVICE/Target/usbd_conf.o
 .ARM.attributes
                0x000000000000052a       0x2d c:/st/stm32cubeide_1.12.1/stm32cubeide/plugins/com.st.stm32cube.ide.mcu.externaltools.gnu-tools-for-stm32.10.3-2021.10.win32_1.0.200.202301161003/tools/bin/../lib/gcc/arm-none-eabi/10.3.1/../../../../arm-none-eabi/lib/thumb/v7-m/nofp\libc_nano.a(lib_a-init.o)
 .ARM.attributes
                0x0000000000000557       0x2d c:/st/stm32cubeide_1.12.1/stm32cubeide/plugins/com.st.stm32cube.ide.mcu.externaltools.gnu-tools-for-stm32.10.3-2021.10.win32_1.0.200.202301161003/tools/bin/../lib/gcc/arm-none-eabi/10.3.1/../../../../arm-none-eabi/lib/thumb/v7-m/nofp\libc_nano.a(lib_a-memcpy-stub.o)
 .ARM.attributes
                0x0000000000000584       0x2d c:/st/stm32cubeide_1.12.1/stm32cubeide/plugins/com.st.stm32cube.ide.mcu.externaltools.gnu-tools-for-stm32.10.3-2021.10.win32_1.0.200.202301161003/tools/bin/../lib/gcc/arm-none-eabi/10.3.1/../../../../arm-none-eabi/lib/thumb/v7-m/nofp\libc_nano.a(lib_a-memset.o)
 .ARM.attributes
                0x00000000000005b1       0x1d c:/st/stm32cubeide_1.12.1/stm32cubeide/plugins/com.st.stm32cube.ide.mcu.externaltools.gnu-tools-for-stm32.10.3-2021.10.win32_1.0.200.202301161003/tools/bin/../lib/gcc/arm-none-eabi/10.3.1/thumb/v7-m/nofp/crtn.o
OUTPUT(usb.elf elf32-littlearm)
LOAD linker stubs
LOAD c:/st/stm32cubeide_1.12.1/stm32cubeide/plugins/com.st.stm32cube.ide.mcu.externaltools.gnu-tools-for-stm32.10.3-2021.10.win32_1.0.200.202301161003/tools/bin/../lib/gcc/arm-none-eabi/10.3.1/../../../../arm-none-eabi/lib/thumb/v7-m/nofp\libc.a
LOAD c:/st/stm32cubeide_1.12.1/stm32cubeide/plugins/com.st.stm32cube.ide.mcu.externaltools.gnu-tools-for-stm32.10.3-2021.10.win32_1.0.200.202301161003/tools/bin/../lib/gcc/arm-none-eabi/10.3.1/../../../../arm-none-eabi/lib/thumb/v7-m/nofp\libm.a
LOAD c:/st/stm32cubeide_1.12.1/stm32cubeide/plugins/com.st.stm32cube.ide.mcu.externaltools.gnu-tools-for-stm32.10.3-2021.10.win32_1.0.200.202301161003/tools/bin/../lib/gcc/arm-none-eabi/10.3.1/thumb/v7-m/nofp\libgcc.a

.debug_info     0x0000000000000000    0x17575
 .debug_info    0x0000000000000000      0xcca ./Core/Hardware_Interface/Hardware_Interface.o
 .debug_info    0x0000000000000cca     0x1293 ./Core/Src/main.o
 .debug_info    0x0000000000001f5d      0xe31 ./Core/Src/stm32f1xx_hal_msp.o
 .debug_info    0x0000000000002d8e      0xed7 ./Core/Src/stm32f1xx_it.o
 .debug_info    0x0000000000003c65      0x23d ./Core/Src/system_stm32f1xx.o
 .debug_info    0x0000000000003ea2       0x22 ./Core/Startup/startup_stm32f103c8tx.o
 .debug_info    0x0000000000003ec4      0x1d3 ./Drivers/FIFO/FIFO.o
 .debug_info    0x0000000000004097      0x734 ./Drivers/STM32F1xx_HAL_Driver/Src/stm32f1xx_hal.o
 .debug_info    0x00000000000047cb      0xb20 ./Drivers/STM32F1xx_HAL_Driver/Src/stm32f1xx_hal_cortex.o
 .debug_info    0x00000000000052eb      0x744 ./Drivers/STM32F1xx_HAL_Driver/Src/stm32f1xx_hal_dma.o
 .debug_info    0x0000000000005a2f      0x615 ./Drivers/STM32F1xx_HAL_Driver/Src/stm32f1xx_hal_gpio.o
 .debug_info    0x0000000000006044     0x183b ./Drivers/STM32F1xx_HAL_Driver/Src/stm32f1xx_hal_pcd.o
 .debug_info    0x000000000000787f      0x727 ./Drivers/STM32F1xx_HAL_Driver/Src/stm32f1xx_hal_pcd_ex.o
 .debug_info    0x0000000000007fa6      0x865 ./Drivers/STM32F1xx_HAL_Driver/Src/stm32f1xx_hal_rcc.o
 .debug_info    0x000000000000880b      0x3e6 ./Drivers/STM32F1xx_HAL_Driver/Src/stm32f1xx_hal_rcc_ex.o
 .debug_info    0x0000000000008bf1     0x2bcb ./Drivers/STM32F1xx_HAL_Driver/Src/stm32f1xx_hal_tim.o
 .debug_info    0x000000000000b7bc     0x15c7 ./Drivers/STM32F1xx_HAL_Driver/Src/stm32f1xx_hal_tim_ex.o
 .debug_info    0x000000000000cd83     0x30f2 ./Drivers/STM32F1xx_HAL_Driver/Src/stm32f1xx_hal_uart.o
 .debug_info    0x000000000000fe75     0x18e5 ./Drivers/STM32F1xx_HAL_Driver/Src/stm32f1xx_ll_usb.o
 .debug_info    0x000000000001175a      0x4f7 ./Drivers/SbW_Protocol/SbW_Protocol.o
 .debug_info    0x0000000000011c51     0x10f0 ./Middlewares/ST/STM32_USB_Device_Library/Class/CDC/Src/usbd_cdc.o
 .debug_info    0x0000000000012d41      0xb02 ./Middlewares/ST/STM32_USB_Device_Library/Core/Src/usbd_core.o
 .debug_info    0x0000000000013843      0x9b6 ./Middlewares/ST/STM32_USB_Device_Library/Core/Src/usbd_ctlreq.o
 .debug_info    0x00000000000141f9      0x715 ./Middlewares/ST/STM32_USB_Device_Library/Core/Src/usbd_ioreq.o
 .debug_info    0x000000000001490e      0x679 ./USB_DEVICE/App/usb_device.o
 .debug_info    0x0000000000014f87      0x828 ./USB_DEVICE/App/usbd_cdc_if.o
 .debug_info    0x00000000000157af      0x484 ./USB_DEVICE/App/usbd_desc.o
 .debug_info    0x0000000000015c33     0x1942 ./USB_DEVICE/Target/usbd_conf.o

.debug_abbrev   0x0000000000000000     0x39ae
 .debug_abbrev  0x0000000000000000      0x249 ./Core/Hardware_Interface/Hardware_Interface.o
 .debug_abbrev  0x0000000000000249      0x374 ./Core/Src/main.o
 .debug_abbrev  0x00000000000005bd      0x209 ./Core/Src/stm32f1xx_hal_msp.o
 .debug_abbrev  0x00000000000007c6      0x1d6 ./Core/Src/stm32f1xx_it.o
 .debug_abbrev  0x000000000000099c      0x13b ./Core/Src/system_stm32f1xx.o
 .debug_abbrev  0x0000000000000ad7       0x12 ./Core/Startup/startup_stm32f103c8tx.o
 .debug_abbrev  0x0000000000000ae9       0xd3 ./Drivers/FIFO/FIFO.o
 .debug_abbrev  0x0000000000000bbc      0x1fb ./Drivers/STM32F1xx_HAL_Driver/Src/stm32f1xx_hal.o
 .debug_abbrev  0x0000000000000db7      0x2ed ./Drivers/STM32F1xx_HAL_Driver/Src/stm32f1xx_hal_cortex.o
 .debug_abbrev  0x00000000000010a4      0x1fe ./Drivers/STM32F1xx_HAL_Driver/Src/stm32f1xx_hal_dma.o
 .debug_abbrev  0x00000000000012a2      0x1bb ./Drivers/STM32F1xx_HAL_Driver/Src/stm32f1xx_hal_gpio.o
 .debug_abbrev  0x000000000000145d      0x2c0 ./Drivers/STM32F1xx_HAL_Driver/Src/stm32f1xx_hal_pcd.o
 .debug_abbrev  0x000000000000171d      0x17f ./Drivers/STM32F1xx_HAL_Driver/Src/stm32f1xx_hal_pcd_ex.o
 .debug_abbrev  0x000000000000189c      0x2a8 ./Drivers/STM32F1xx_HAL_Driver/Src/stm32f1xx_hal_rcc.o
 .debug_abbrev  0x0000000000001b44      0x182 ./Drivers/STM32F1xx_HAL_Driver/Src/stm32f1xx_hal_rcc_ex.o
 .debug_abbrev  0x0000000000001cc6      0x264 ./Drivers/STM32F1xx_HAL_Driver/Src/stm32f1xx_hal_tim.o
 .debug_abbrev  0x0000000000001f2a      0x26c ./Drivers/STM32F1xx_HAL_Driver/Src/stm32f1xx_hal_tim_ex.o
 .debug_abbrev  0x0000000000002196      0x2df ./Drivers/STM32F1xx_HAL_Driver/Src/stm32f1xx_hal_uart.o
 .debug_abbrev  0x0000000000002475      0x1d4 ./Drivers/STM32F1xx_HAL_Driver/Src/stm32f1xx_ll_usb.o
 .debug_abbrev  0x0000000000002649      0x1c1 ./Drivers/SbW_Protocol/SbW_Protocol.o
 .debug_abbrev  0x000000000000280a      0x2c0 ./Middlewares/ST/STM32_USB_Device_Library/Class/CDC/Src/usbd_cdc.o
 .debug_abbrev  0x0000000000002aca      0x236 ./Middlewares/ST/STM32_USB_Device_Library/Core/Src/usbd_core.o
 .debug_abbrev  0x0000000000002d00      0x257 ./Middlewares/ST/STM32_USB_Device_Library/Core/Src/usbd_ctlreq.o
 .debug_abbrev  0x0000000000002f57      0x183 ./Middlewares/ST/STM32_USB_Device_Library/Core/Src/usbd_ioreq.o
 .debug_abbrev  0x00000000000030da      0x183 ./USB_DEVICE/App/usb_device.o
 .debug_abbrev  0x000000000000325d      0x252 ./USB_DEVICE/App/usbd_cdc_if.o
 .debug_abbrev  0x00000000000034af      0x1fa ./USB_DEVICE/App/usbd_desc.o
 .debug_abbrev  0x00000000000036a9      0x305 ./USB_DEVICE/Target/usbd_conf.o

.debug_aranges  0x0000000000000000     0x1358
 .debug_aranges
                0x0000000000000000       0x40 ./Core/Hardware_Interface/Hardware_Interface.o
 .debug_aranges
                0x0000000000000040       0x50 ./Core/Src/main.o
 .debug_aranges
                0x0000000000000090       0x40 ./Core/Src/stm32f1xx_hal_msp.o
 .debug_aranges
                0x00000000000000d0       0x90 ./Core/Src/stm32f1xx_it.o
 .debug_aranges
                0x0000000000000160       0x28 ./Core/Src/system_stm32f1xx.o
 .debug_aranges
                0x0000000000000188       0x28 ./Core/Startup/startup_stm32f103c8tx.o
 .debug_aranges
                0x00000000000001b0       0x38 ./Drivers/FIFO/FIFO.o
 .debug_aranges
                0x00000000000001e8       0xe0 ./Drivers/STM32F1xx_HAL_Driver/Src/stm32f1xx_hal.o
 .debug_aranges
                0x00000000000002c8      0x100 ./Drivers/STM32F1xx_HAL_Driver/Src/stm32f1xx_hal_cortex.o
 .debug_aranges
                0x00000000000003c8       0x80 ./Drivers/STM32F1xx_HAL_Driver/Src/stm32f1xx_hal_dma.o
 .debug_aranges
                0x0000000000000448       0x58 ./Drivers/STM32F1xx_HAL_Driver/Src/stm32f1xx_hal_gpio.o
 .debug_aranges
                0x00000000000004a0      0x140 ./Drivers/STM32F1xx_HAL_Driver/Src/stm32f1xx_hal_pcd.o
 .debug_aranges
                0x00000000000005e0       0x38 ./Drivers/STM32F1xx_HAL_Driver/Src/stm32f1xx_hal_pcd_ex.o
 .debug_aranges
                0x0000000000000618       0x90 ./Drivers/STM32F1xx_HAL_Driver/Src/stm32f1xx_hal_rcc.o
 .debug_aranges
                0x00000000000006a8       0x30 ./Drivers/STM32F1xx_HAL_Driver/Src/stm32f1xx_hal_rcc_ex.o
 .debug_aranges
                0x00000000000006d8      0x3d0 ./Drivers/STM32F1xx_HAL_Driver/Src/stm32f1xx_hal_tim.o
 .debug_aranges
                0x0000000000000aa8      0x168 ./Drivers/STM32F1xx_HAL_Driver/Src/stm32f1xx_hal_tim_ex.o
 .debug_aranges
                0x0000000000000c10      0x208 ./Drivers/STM32F1xx_HAL_Driver/Src/stm32f1xx_hal_uart.o
 .debug_aranges
                0x0000000000000e18       0xf8 ./Drivers/STM32F1xx_HAL_Driver/Src/stm32f1xx_ll_usb.o
 .debug_aranges
                0x0000000000000f10       0x50 ./Drivers/SbW_Protocol/SbW_Protocol.o
 .debug_aranges
                0x0000000000000f60       0x90 ./Middlewares/ST/STM32_USB_Device_Library/Class/CDC/Src/usbd_cdc.o
 .debug_aranges
                0x0000000000000ff0       0xb8 ./Middlewares/ST/STM32_USB_Device_Library/Core/Src/usbd_core.o
 .debug_aranges
                0x00000000000010a8       0x88 ./Middlewares/ST/STM32_USB_Device_Library/Core/Src/usbd_ctlreq.o
 .debug_aranges
                0x0000000000001130       0x50 ./Middlewares/ST/STM32_USB_Device_Library/Core/Src/usbd_ioreq.o
 .debug_aranges
                0x0000000000001180       0x20 ./USB_DEVICE/App/usb_device.o
 .debug_aranges
                0x00000000000011a0       0x40 ./USB_DEVICE/App/usbd_cdc_if.o
 .debug_aranges
                0x00000000000011e0       0x60 ./USB_DEVICE/App/usbd_desc.o
 .debug_aranges
                0x0000000000001240      0x118 ./USB_DEVICE/Target/usbd_conf.o

.debug_ranges   0x0000000000000000     0x11d0
 .debug_ranges  0x0000000000000000       0x30 ./Core/Hardware_Interface/Hardware_Interface.o
 .debug_ranges  0x0000000000000030       0x40 ./Core/Src/main.o
 .debug_ranges  0x0000000000000070       0x30 ./Core/Src/stm32f1xx_hal_msp.o
 .debug_ranges  0x00000000000000a0       0x80 ./Core/Src/stm32f1xx_it.o
 .debug_ranges  0x0000000000000120       0x18 ./Core/Src/system_stm32f1xx.o
 .debug_ranges  0x0000000000000138       0x20 ./Core/Startup/startup_stm32f103c8tx.o
 .debug_ranges  0x0000000000000158       0x28 ./Drivers/FIFO/FIFO.o
 .debug_ranges  0x0000000000000180       0xd0 ./Drivers/STM32F1xx_HAL_Driver/Src/stm32f1xx_hal.o
 .debug_ranges  0x0000000000000250       0xf0 ./Drivers/STM32F1xx_HAL_Driver/Src/stm32f1xx_hal_cortex.o
 .debug_ranges  0x0000000000000340       0x70 ./Drivers/STM32F1xx_HAL_Driver/Src/stm32f1xx_hal_dma.o
 .debug_ranges  0x00000000000003b0       0x48 ./Drivers/STM32F1xx_HAL_Driver/Src/stm32f1xx_hal_gpio.o
 .debug_ranges  0x00000000000003f8      0x130 ./Drivers/STM32F1xx_HAL_Driver/Src/stm32f1xx_hal_pcd.o
 .debug_ranges  0x0000000000000528       0x28 ./Drivers/STM32F1xx_HAL_Driver/Src/stm32f1xx_hal_pcd_ex.o
 .debug_ranges  0x0000000000000550       0x80 ./Drivers/STM32F1xx_HAL_Driver/Src/stm32f1xx_hal_rcc.o
 .debug_ranges  0x00000000000005d0       0x20 ./Drivers/STM32F1xx_HAL_Driver/Src/stm32f1xx_hal_rcc_ex.o
 .debug_ranges  0x00000000000005f0      0x3c0 ./Drivers/STM32F1xx_HAL_Driver/Src/stm32f1xx_hal_tim.o
 .debug_ranges  0x00000000000009b0      0x158 ./Drivers/STM32F1xx_HAL_Driver/Src/stm32f1xx_hal_tim_ex.o
 .debug_ranges  0x0000000000000b08      0x228 ./Drivers/STM32F1xx_HAL_Driver/Src/stm32f1xx_hal_uart.o
 .debug_ranges  0x0000000000000d30       0xe8 ./Drivers/STM32F1xx_HAL_Driver/Src/stm32f1xx_ll_usb.o
 .debug_ranges  0x0000000000000e18       0x40 ./Drivers/SbW_Protocol/SbW_Protocol.o
 .debug_ranges  0x0000000000000e58       0x80 ./Middlewares/ST/STM32_USB_Device_Library/Class/CDC/Src/usbd_cdc.o
 .debug_ranges  0x0000000000000ed8       0xa8 ./Middlewares/ST/STM32_USB_Device_Library/Core/Src/usbd_core.o
 .debug_ranges  0x0000000000000f80       0x78 ./Middlewares/ST/STM32_USB_Device_Library/Core/Src/usbd_ctlreq.o
 .debug_ranges  0x0000000000000ff8       0x40 ./Middlewares/ST/STM32_USB_Device_Library/Core/Src/usbd_ioreq.o
 .debug_ranges  0x0000000000001038       0x10 ./USB_DEVICE/App/usb_device.o
 .debug_ranges  0x0000000000001048       0x30 ./USB_DEVICE/App/usbd_cdc_if.o
 .debug_ranges  0x0000000000001078       0x50 ./USB_DEVICE/App/usbd_desc.o
 .debug_ranges  0x00000000000010c8      0x108 ./USB_DEVICE/Target/usbd_conf.o

.debug_macro    0x0000000000000000    0x1b41f
 .debug_macro   0x0000000000000000      0x41c ./Core/Hardware_Interface/Hardware_Interface.o
 .debug_macro   0x000000000000041c      0xa6c ./Core/Hardware_Interface/Hardware_Interface.o
 .debug_macro   0x0000000000000e88       0x22 ./Core/Hardware_Interface/Hardware_Interface.o
 .debug_macro   0x0000000000000eaa       0x8e ./Core/Hardware_Interface/Hardware_Interface.o
 .debug_macro   0x0000000000000f38       0x51 ./Core/Hardware_Interface/Hardware_Interface.o
 .debug_macro   0x0000000000000f89      0x103 ./Core/Hardware_Interface/Hardware_Interface.o
 .debug_macro   0x000000000000108c       0x6a ./Core/Hardware_Interface/Hardware_Interface.o
 .debug_macro   0x00000000000010f6      0x1df ./Core/Hardware_Interface/Hardware_Interface.o
 .debug_macro   0x00000000000012d5      0x227 ./Core/Hardware_Interface/Hardware_Interface.o
 .debug_macro   0x00000000000014fc       0x2e ./Core/Hardware_Interface/Hardware_Interface.o
 .debug_macro   0x000000000000152a       0x22 ./Core/Hardware_Interface/Hardware_Interface.o
 .debug_macro   0x000000000000154c       0x1c ./Core/Hardware_Interface/Hardware_Interface.o
 .debug_macro   0x0000000000001568       0x22 ./Core/Hardware_Interface/Hardware_Interface.o
 .debug_macro   0x000000000000158a       0xbd ./Core/Hardware_Interface/Hardware_Interface.o
 .debug_macro   0x0000000000001647      0xd23 ./Core/Hardware_Interface/Hardware_Interface.o
 .debug_macro   0x000000000000236a     0xe09e ./Core/Hardware_Interface/Hardware_Interface.o
 .debug_macro   0x0000000000010408       0x6d ./Core/Hardware_Interface/Hardware_Interface.o
 .debug_macro   0x0000000000010475     0x34a2 ./Core/Hardware_Interface/Hardware_Interface.o
 .debug_macro   0x0000000000013917      0x174 ./Core/Hardware_Interface/Hardware_Interface.o
 .debug_macro   0x0000000000013a8b       0x5c ./Core/Hardware_Interface/Hardware_Interface.o
 .debug_macro   0x0000000000013ae7      0x5bc ./Core/Hardware_Interface/Hardware_Interface.o
 .debug_macro   0x00000000000140a3      0x289 ./Core/Hardware_Interface/Hardware_Interface.o
 .debug_macro   0x000000000001432c      0x1cb ./Core/Hardware_Interface/Hardware_Interface.o
 .debug_macro   0x00000000000144f7      0x114 ./Core/Hardware_Interface/Hardware_Interface.o
 .debug_macro   0x000000000001460b      0x1b2 ./Core/Hardware_Interface/Hardware_Interface.o
 .debug_macro   0x00000000000147bd       0x27 ./Core/Hardware_Interface/Hardware_Interface.o
 .debug_macro   0x00000000000147e4      0x136 ./Core/Hardware_Interface/Hardware_Interface.o
 .debug_macro   0x000000000001491a      0x1bc ./Core/Hardware_Interface/Hardware_Interface.o
 .debug_macro   0x0000000000014ad6       0x34 ./Core/Hardware_Interface/Hardware_Interface.o
 .debug_macro   0x0000000000014b0a       0x3c ./Core/Hardware_Interface/Hardware_Interface.o
 .debug_macro   0x0000000000014b46       0x57 ./Core/Hardware_Interface/Hardware_Interface.o
 .debug_macro   0x0000000000014b9d       0x87 ./Core/Hardware_Interface/Hardware_Interface.o
 .debug_macro   0x0000000000014c24      0x240 ./Core/Hardware_Interface/Hardware_Interface.o
 .debug_macro   0x0000000000014e64      0x140 ./Core/Hardware_Interface/Hardware_Interface.o
 .debug_macro   0x0000000000014fa4      0x8ed ./Core/Hardware_Interface/Hardware_Interface.o
 .debug_macro   0x0000000000015891      0x28e ./Core/Hardware_Interface/Hardware_Interface.o
 .debug_macro   0x0000000000015b1f       0xb7 ./Core/Hardware_Interface/Hardware_Interface.o
 .debug_macro   0x0000000000015bd6      0x242 ./Core/Hardware_Interface/Hardware_Interface.o
 .debug_macro   0x0000000000015e18       0x83 ./Core/Hardware_Interface/Hardware_Interface.o
 .debug_macro   0x0000000000015e9b       0x52 ./Core/Hardware_Interface/Hardware_Interface.o
 .debug_macro   0x0000000000015eed       0x18 ./Core/Hardware_Interface/Hardware_Interface.o
 .debug_macro   0x0000000000015f05       0x3c ./Core/Hardware_Interface/Hardware_Interface.o
 .debug_macro   0x0000000000015f41       0x34 ./Core/Hardware_Interface/Hardware_Interface.o
 .debug_macro   0x0000000000015f75       0x16 ./Core/Hardware_Interface/Hardware_Interface.o
 .debug_macro   0x0000000000015f8b       0x35 ./Core/Hardware_Interface/Hardware_Interface.o
 .debug_macro   0x0000000000015fc0      0x341 ./Core/Hardware_Interface/Hardware_Interface.o
 .debug_macro   0x0000000000016301       0x10 ./Core/Hardware_Interface/Hardware_Interface.o
 .debug_macro   0x0000000000016311       0x16 ./Core/Hardware_Interface/Hardware_Interface.o
 .debug_macro   0x0000000000016327       0x43 ./Core/Hardware_Interface/Hardware_Interface.o
 .debug_macro   0x000000000001636a       0x34 ./Core/Hardware_Interface/Hardware_Interface.o
 .debug_macro   0x000000000001639e       0x10 ./Core/Hardware_Interface/Hardware_Interface.o
 .debug_macro   0x00000000000163ae       0x58 ./Core/Hardware_Interface/Hardware_Interface.o
 .debug_macro   0x0000000000016406       0x71 ./Core/Hardware_Interface/Hardware_Interface.o
 .debug_macro   0x0000000000016477       0x1c ./Core/Hardware_Interface/Hardware_Interface.o
 .debug_macro   0x0000000000016493      0x12a ./Core/Hardware_Interface/Hardware_Interface.o
 .debug_macro   0x00000000000165bd       0x10 ./Core/Hardware_Interface/Hardware_Interface.o
 .debug_macro   0x00000000000165cd       0x1c ./Core/Hardware_Interface/Hardware_Interface.o
 .debug_macro   0x00000000000165e9       0x52 ./Core/Hardware_Interface/Hardware_Interface.o
 .debug_macro   0x000000000001663b       0x22 ./Core/Hardware_Interface/Hardware_Interface.o
 .debug_macro   0x000000000001665d       0x10 ./Core/Hardware_Interface/Hardware_Interface.o
 .debug_macro   0x000000000001666d       0x52 ./Core/Hardware_Interface/Hardware_Interface.o
 .debug_macro   0x00000000000166bf       0xd5 ./Core/Hardware_Interface/Hardware_Interface.o
 .debug_macro   0x0000000000016794       0x1c ./Core/Hardware_Interface/Hardware_Interface.o
 .debug_macro   0x00000000000167b0       0x3d ./Core/Hardware_Interface/Hardware_Interface.o
 .debug_macro   0x00000000000167ed       0x16 ./Core/Hardware_Interface/Hardware_Interface.o
 .debug_macro   0x0000000000016803      0x145 ./Core/Hardware_Interface/Hardware_Interface.o
 .debug_macro   0x0000000000016948       0x16 ./Core/Hardware_Interface/Hardware_Interface.o
 .debug_macro   0x000000000001695e       0x16 ./Core/Hardware_Interface/Hardware_Interface.o
 .debug_macro   0x0000000000016974       0x29 ./Core/Hardware_Interface/Hardware_Interface.o
 .debug_macro   0x000000000001699d       0x16 ./Core/Hardware_Interface/Hardware_Interface.o
 .debug_macro   0x00000000000169b3       0x20 ./Core/Hardware_Interface/Hardware_Interface.o
 .debug_macro   0x00000000000169d3       0x5f ./Core/Hardware_Interface/Hardware_Interface.o
 .debug_macro   0x0000000000016a32      0x1c8 ./Core/Hardware_Interface/Hardware_Interface.o
 .debug_macro   0x0000000000016bfa       0x8f ./Core/Hardware_Interface/Hardware_Interface.o
 .debug_macro   0x0000000000016c89       0x10 ./Core/Hardware_Interface/Hardware_Interface.o
 .debug_macro   0x0000000000016c99      0x43a ./Core/Src/main.o
 .debug_macro   0x00000000000170d3      0x1d1 ./Core/Src/stm32f1xx_hal_msp.o
 .debug_macro   0x00000000000172a4      0x1db ./Core/Src/stm32f1xx_it.o
 .debug_macro   0x000000000001747f      0x1c7 ./Core/Src/system_stm32f1xx.o
 .debug_macro   0x0000000000017646      0x22f ./Drivers/FIFO/FIFO.o
 .debug_macro   0x0000000000017875       0x97 ./Drivers/FIFO/FIFO.o
 .debug_macro   0x000000000001790c       0xfd ./Drivers/FIFO/FIFO.o
 .debug_macro   0x0000000000017a09      0x1eb ./Drivers/STM32F1xx_HAL_Driver/Src/stm32f1xx_hal.o
 .debug_macro   0x0000000000017bf4      0x1c7 ./Drivers/STM32F1xx_HAL_Driver/Src/stm32f1xx_hal_cortex.o
 .debug_macro   0x0000000000017dbb      0x1c7 ./Drivers/STM32F1xx_HAL_Driver/Src/stm32f1xx_hal_dma.o
 .debug_macro   0x0000000000017f82      0x232 ./Drivers/STM32F1xx_HAL_Driver/Src/stm32f1xx_hal_gpio.o
 .debug_macro   0x00000000000181b4      0x1d3 ./Drivers/STM32F1xx_HAL_Driver/Src/stm32f1xx_hal_pcd.o
 .debug_macro   0x0000000000018387      0x1c7 ./Drivers/STM32F1xx_HAL_Driver/Src/stm32f1xx_hal_pcd_ex.o
 .debug_macro   0x000000000001854e      0x1d9 ./Drivers/STM32F1xx_HAL_Driver/Src/stm32f1xx_hal_rcc.o
 .debug_macro   0x0000000000018727      0x1c7 ./Drivers/STM32F1xx_HAL_Driver/Src/stm32f1xx_hal_rcc_ex.o
 .debug_macro   0x00000000000188ee      0x1c8 ./Drivers/STM32F1xx_HAL_Driver/Src/stm32f1xx_hal_tim.o
 .debug_macro   0x0000000000018ab6      0x1c7 ./Drivers/STM32F1xx_HAL_Driver/Src/stm32f1xx_hal_tim_ex.o
 .debug_macro   0x0000000000018c7d      0x1c8 ./Drivers/STM32F1xx_HAL_Driver/Src/stm32f1xx_hal_uart.o
 .debug_macro   0x0000000000018e45      0x1c7 ./Drivers/STM32F1xx_HAL_Driver/Src/stm32f1xx_ll_usb.o
 .debug_macro   0x000000000001900c      0x23f ./Drivers/SbW_Protocol/SbW_Protocol.o
 .debug_macro   0x000000000001924b      0x3e7 ./Middlewares/ST/STM32_USB_Device_Library/Class/CDC/Src/usbd_cdc.o
 .debug_macro   0x0000000000019632       0x56 ./Middlewares/ST/STM32_USB_Device_Library/Class/CDC/Src/usbd_cdc.o
 .debug_macro   0x0000000000019688      0x3ce ./Middlewares/ST/STM32_USB_Device_Library/Core/Src/usbd_core.o
 .debug_macro   0x0000000000019a56      0x1ce ./Middlewares/ST/STM32_USB_Device_Library/Core/Src/usbd_core.o
 .debug_macro   0x0000000000019c24      0x3d8 ./Middlewares/ST/STM32_USB_Device_Library/Core/Src/usbd_ctlreq.o
 .debug_macro   0x0000000000019ffc      0x3d4 ./Middlewares/ST/STM32_USB_Device_Library/Core/Src/usbd_ioreq.o
 .debug_macro   0x000000000001a3d0      0x40d ./USB_DEVICE/App/usb_device.o
 .debug_macro   0x000000000001a7dd       0x22 ./USB_DEVICE/App/usb_device.o
 .debug_macro   0x000000000001a7ff       0x16 ./USB_DEVICE/App/usb_device.o
 .debug_macro   0x000000000001a815      0x3f2 ./USB_DEVICE/App/usbd_cdc_if.o
 .debug_macro   0x000000000001ac07      0x40b ./USB_DEVICE/App/usbd_desc.o
 .debug_macro   0x000000000001b012       0x1c ./USB_DEVICE/App/usbd_desc.o
 .debug_macro   0x000000000001b02e      0x3f1 ./USB_DEVICE/Target/usbd_conf.o

.debug_line     0x0000000000000000    0x1838c
 .debug_line    0x0000000000000000      0xb28 ./Core/Hardware_Interface/Hardware_Interface.o
 .debug_line    0x0000000000000b28      0xc7f ./Core/Src/main.o
 .debug_line    0x00000000000017a7      0x799 ./Core/Src/stm32f1xx_hal_msp.o
 .debug_line    0x0000000000001f40      0x813 ./Core/Src/stm32f1xx_it.o
 .debug_line    0x0000000000002753      0x73f ./Core/Src/system_stm32f1xx.o
 .debug_line    0x0000000000002e92       0x86 ./Core/Startup/startup_stm32f103c8tx.o
 .debug_line    0x0000000000002f18      0x685 ./Drivers/FIFO/FIFO.o
 .debug_line    0x000000000000359d      0x96c ./Drivers/STM32F1xx_HAL_Driver/Src/stm32f1xx_hal.o
 .debug_line    0x0000000000003f09      0xb54 ./Drivers/STM32F1xx_HAL_Driver/Src/stm32f1xx_hal_cortex.o
 .debug_line    0x0000000000004a5d      0xdc5 ./Drivers/STM32F1xx_HAL_Driver/Src/stm32f1xx_hal_dma.o
 .debug_line    0x0000000000005822      0xa05 ./Drivers/STM32F1xx_HAL_Driver/Src/stm32f1xx_hal_gpio.o
 .debug_line    0x0000000000006227     0x1397 ./Drivers/STM32F1xx_HAL_Driver/Src/stm32f1xx_hal_pcd.o
 .debug_line    0x00000000000075be      0x73a ./Drivers/STM32F1xx_HAL_Driver/Src/stm32f1xx_hal_pcd_ex.o
 .debug_line    0x0000000000007cf8      0xd78 ./Drivers/STM32F1xx_HAL_Driver/Src/stm32f1xx_hal_rcc.o
 .debug_line    0x0000000000008a70      0x8b3 ./Drivers/STM32F1xx_HAL_Driver/Src/stm32f1xx_hal_rcc_ex.o
 .debug_line    0x0000000000009323     0x3412 ./Drivers/STM32F1xx_HAL_Driver/Src/stm32f1xx_hal_tim.o
 .debug_line    0x000000000000c735     0x18b2 ./Drivers/STM32F1xx_HAL_Driver/Src/stm32f1xx_hal_tim_ex.o
 .debug_line    0x000000000000dfe7     0x2833 ./Drivers/STM32F1xx_HAL_Driver/Src/stm32f1xx_hal_uart.o
 .debug_line    0x000000000001081a     0x1021 ./Drivers/STM32F1xx_HAL_Driver/Src/stm32f1xx_ll_usb.o
 .debug_line    0x000000000001183b      0x860 ./Drivers/SbW_Protocol/SbW_Protocol.o
 .debug_line    0x000000000001209b      0xd4d ./Middlewares/ST/STM32_USB_Device_Library/Class/CDC/Src/usbd_cdc.o
 .debug_line    0x0000000000012de8      0xdcd ./Middlewares/ST/STM32_USB_Device_Library/Core/Src/usbd_core.o
 .debug_line    0x0000000000013bb5      0xfef ./Middlewares/ST/STM32_USB_Device_Library/Core/Src/usbd_ctlreq.o
 .debug_line    0x0000000000014ba4      0xa63 ./Middlewares/ST/STM32_USB_Device_Library/Core/Src/usbd_ioreq.o
 .debug_line    0x0000000000015607      0xa23 ./USB_DEVICE/App/usb_device.o
 .debug_line    0x000000000001602a      0xa6b ./USB_DEVICE/App/usbd_cdc_if.o
 .debug_line    0x0000000000016a95      0xaec ./USB_DEVICE/App/usbd_desc.o
 .debug_line    0x0000000000017581      0xe0b ./USB_DEVICE/Target/usbd_conf.o

.debug_str      0x0000000000000000    0x8fa2e
 .debug_str     0x0000000000000000    0x8b00f ./Core/Hardware_Interface/Hardware_Interface.o
                                      0x8b4a2 (size before relaxing)
 .debug_str     0x000000000008b00f      0x6c8 ./Core/Src/main.o
                                      0x8bafa (size before relaxing)
 .debug_str     0x000000000008b6d7      0x13f ./Core/Src/stm32f1xx_hal_msp.o
                                      0x86ac0 (size before relaxing)
 .debug_str     0x000000000008b816      0x456 ./Core/Src/stm32f1xx_it.o
                                      0x86aa8 (size before relaxing)
 .debug_str     0x000000000008bc6c       0x7e ./Core/Src/system_stm32f1xx.o
                                      0x85fb8 (size before relaxing)
 .debug_str     0x000000000008bcea       0x36 ./Core/Startup/startup_stm32f103c8tx.o
                                         0x6c (size before relaxing)
 .debug_str     0x000000000008bd20       0x52 ./Drivers/FIFO/FIFO.o
                                       0x7e48 (size before relaxing)
 .debug_str     0x000000000008bd72      0x384 ./Drivers/STM32F1xx_HAL_Driver/Src/stm32f1xx_hal.o
                                      0x866eb (size before relaxing)
 .debug_str     0x000000000008c0f6      0x26c ./Drivers/STM32F1xx_HAL_Driver/Src/stm32f1xx_hal_cortex.o
                                      0x86637 (size before relaxing)
 .debug_str     0x000000000008c362      0x206 ./Drivers/STM32F1xx_HAL_Driver/Src/stm32f1xx_hal_dma.o
                                      0x86361 (size before relaxing)
 .debug_str     0x000000000008c568      0x31d ./Drivers/STM32F1xx_HAL_Driver/Src/stm32f1xx_hal_gpio.o
                                      0x8633e (size before relaxing)
 .debug_str     0x000000000008c885      0x5bd ./Drivers/STM32F1xx_HAL_Driver/Src/stm32f1xx_hal_pcd.o
                                      0x868d5 (size before relaxing)
 .debug_str     0x000000000008ce42      0x170 ./Drivers/STM32F1xx_HAL_Driver/Src/stm32f1xx_hal_pcd_ex.o
                                      0x86437 (size before relaxing)
 .debug_str     0x000000000008cfb2      0x229 ./Drivers/STM32F1xx_HAL_Driver/Src/stm32f1xx_hal_rcc.o
                                      0x863e7 (size before relaxing)